1763669280447835: THREAD 0 INSERT 1874280167 Shigeru Miyamoto 85000
1763669280447970: THREAD 0 WAITING FOR WRITE LOCK
1763669280447860: THREAD 1 INSERT -1725001979 Hideo Kojima 92000
1763669280447910: THREAD 2 INSERT 448054155 Gabe Newell 88000
1763669280447973: THREAD 3 INSERT -409174646 Todd Howard 79000
1763669280448003: THREAD 1 WAITING FOR WRITE LOCK
1763669280448011: THREAD 1 WRITE LOCK ACQUIRED
1763669280448019: THREAD 1 WRITE LOCK RELEASED
1763669280447989: THREAD 0 WRITE LOCK ACQUIRED
1763669280448022: THREAD 4 INSERT 1088855094 Hidetaka Miyazaki 95000
1763669280448049: THREAD 4 WAITING FOR WRITE LOCK
1763669280448061: THREAD 0 WRITE LOCK RELEASED
1763669280448065: THREAD 4 WRITE LOCK ACQUIRED
1763669280448072: THREAD 5 WAITING FOR READ LOCK
1763669280448116: THREAD 5 READ LOCK ACQUIRED
1763669280448165: THREAD 5 WAITING FOR READ LOCK
1763669280448168: THREAD 6 WAITING FOR READ LOCK
1763669280448200: THREAD 6 READ LOCK ACQUIRED
1763669280448210: THREAD 6 SEARCH 1874280167 Shigeru Miyamoto 85000
1763669280448211: THREAD 2 WAITING FOR WRITE LOCK
1763669280448224: THREAD 2 WRITE LOCK ACQUIRED
1763669280448230: THREAD 2 WRITE LOCK RELEASED
1763669280448036: THREAD 3 WAITING FOR WRITE LOCK
1763669280448173: THREAD 5 READ LOCK ACQUIRED
1763669280448250: THREAD 3 WRITE LOCK ACQUIRED
1763669280448256: THREAD 3 WRITE LOCK RELEASED
1763669280448256: THREAD 5 WAITING FOR READ LOCK
1763669280448083: THREAD 4 WRITE LOCK RELEASED
1763669280448269: THREAD 5 READ LOCK ACQUIRED
1763669280448283: THREAD 5 WAITING FOR READ LOCK
1763669280448288: THREAD 5 READ LOCK ACQUIRED
1763669280448294: THREAD 5 WAITING FOR READ LOCK
1763669280448299: THREAD 5 READ LOCK ACQUIRED
1763669280448303: THREAD 5 WAITING FOR READ LOCK
1763669280448308: THREAD 5 READ LOCK ACQUIRED
1763669280448312: THREAD 5 WAITING FOR READ LOCK
1763669280448318: THREAD 5 READ LOCK ACQUIRED
1763669280448322: THREAD 5 WAITING FOR READ LOCK
1763669280448326: THREAD 5 READ LOCK ACQUIRED
1763669280448331: THREAD 5 WAITING FOR READ LOCK
1763669280448336: THREAD 5 READ LOCK ACQUIRED
1763669280448340: THREAD 5 WAITING FOR READ LOCK
1763669280448345: THREAD 5 READ LOCK ACQUIRED
1763669280448349: THREAD 5 WAITING FOR READ LOCK
1763669280448353: THREAD 5 READ LOCK ACQUIRED
1763669280448358: THREAD 5 WAITING FOR READ LOCK
1763669280448362: THREAD 5 READ LOCK ACQUIRED
1763669280448366: THREAD 5 WAITING FOR READ LOCK
1763669280448372: THREAD 5 READ LOCK ACQUIRED
1763669280448377: THREAD 5 WAITING FOR READ LOCK
1763669280448382: THREAD 5 READ LOCK ACQUIRED
1763669280448387: THREAD 5 WAITING FOR READ LOCK
1763669280448387: THREAD 7 WAITING FOR READ LOCK
1763669280448392: THREAD 5 READ LOCK ACQUIRED
1763669280448398: THREAD 5 WAITING FOR READ LOCK
1763669280448404: THREAD 5 READ LOCK ACQUIRED
1763669280448422: THREAD 5 WAITING FOR READ LOCK
1763669280448404: THREAD 7 READ LOCK ACQUIRED
1763669280448433: THREAD 5 READ LOCK ACQUIRED
1763669280448444: THREAD 7 SEARCH -1725001979 Hideo Kojima 92000
1763669280448453: THREAD 5 WAITING FOR READ LOCK
1763669280448460: THREAD 5 READ LOCK ACQUIRED
1763669280448465: THREAD 5 WAITING FOR READ LOCK
1763669280448464: THREAD 8 INSERT 1698859017 Hayao Miyazaki 105000
1763669280448485: THREAD 8 WAITING FOR WRITE LOCK
1763669280448470: THREAD 5 READ LOCK ACQUIRED
1763669280448503: THREAD 5 WAITING FOR READ LOCK
1763669280448510: THREAD 5 READ LOCK ACQUIRED
1763669280448516: THREAD 5 WAITING FOR READ LOCK
1763669280448521: THREAD 5 READ LOCK ACQUIRED
1763669280448526: THREAD 5 WAITING FOR READ LOCK
1763669280448532: THREAD 5 READ LOCK ACQUIRED
1763669280448537: THREAD 5 WAITING FOR READ LOCK
1763669280448544: THREAD 5 READ LOCK ACQUIRED
1763669280448549: THREAD 5 WAITING FOR READ LOCK
1763669280448550: THREAD 9 INSERT 1636918322 Satoshi Kon 98000
1763669280448568: THREAD 9 WAITING FOR WRITE LOCK
1763669280448532: THREAD 6 READ LOCK RELEASED
1763669280448575: THREAD 9 WRITE LOCK ACQUIRED
1763669280448554: THREAD 5 READ LOCK ACQUIRED
1763669280448582: THREAD 9 WRITE LOCK RELEASED
1763669280448591: THREAD 5 WAITING FOR READ LOCK
1763669280448662: THREAD 5 READ LOCK ACQUIRED
1763669280448669: THREAD 5 WAITING FOR READ LOCK
1763669280448675: THREAD 5 READ LOCK ACQUIRED
1763669280448681: THREAD 5 WAITING FOR READ LOCK
1763669280448599: THREAD 10 INSERT -1899343693 Makoto Shinkai 102000
1763669280448686: THREAD 5 READ LOCK ACQUIRED
1763669280448697: THREAD 5 WAITING FOR READ LOCK
1763669280448703: THREAD 5 READ LOCK ACQUIRED
1763669280448708: THREAD 5 WAITING FOR READ LOCK
1763669280448714: THREAD 5 READ LOCK ACQUIRED
1763669280448721: THREAD 5 WAITING FOR READ LOCK
1763669280448727: THREAD 5 READ LOCK ACQUIRED
1763669280448733: THREAD 5 WAITING FOR READ LOCK
1763669280448738: THREAD 5 READ LOCK ACQUIRED
1763669280448744: THREAD 5 WAITING FOR READ LOCK
1763669280448750: THREAD 5 READ LOCK ACQUIRED
1763669280448755: THREAD 5 WAITING FOR READ LOCK
1763669280448761: THREAD 5 READ LOCK ACQUIRED
1763669280448766: THREAD 5 WAITING FOR READ LOCK
1763669280448772: THREAD 5 READ LOCK ACQUIRED
1763669280448778: THREAD 5 WAITING FOR READ LOCK
1763669280448784: THREAD 5 READ LOCK ACQUIRED
1763669280448789: THREAD 5 WAITING FOR READ LOCK
1763669280448795: THREAD 5 READ LOCK ACQUIRED
1763669280448800: THREAD 5 WAITING FOR READ LOCK
1763669280448806: THREAD 5 READ LOCK ACQUIRED
1763669280448811: THREAD 5 WAITING FOR READ LOCK
1763669280448817: THREAD 5 READ LOCK ACQUIRED
1763669280448823: THREAD 5 WAITING FOR READ LOCK
1763669280448828: THREAD 5 READ LOCK ACQUIRED
1763669280448834: THREAD 5 WAITING FOR READ LOCK
1763669280448839: THREAD 5 READ LOCK ACQUIRED
1763669280448844: THREAD 5 WAITING FOR READ LOCK
1763669280448851: THREAD 5 READ LOCK ACQUIRED
1763669280448856: THREAD 5 WAITING FOR READ LOCK
1763669280448863: THREAD 5 READ LOCK ACQUIRED
1763669280448869: THREAD 5 WAITING FOR READ LOCK
1763669280448876: THREAD 5 READ LOCK ACQUIRED
1763669280448881: THREAD 5 WAITING FOR READ LOCK
1763669280448727: THREAD 10 WAITING FOR WRITE LOCK
1763669280448887: THREAD 5 READ LOCK ACQUIRED
1763669280448894: THREAD 5 WAITING FOR READ LOCK
1763669280448901: THREAD 5 READ LOCK ACQUIRED
1763669280448907: THREAD 5 WAITING FOR READ LOCK
1763669280448912: THREAD 5 READ LOCK ACQUIRED
1763669280448917: THREAD 5 WAITING FOR READ LOCK
1763669280448913: THREAD 10 WRITE LOCK ACQUIRED
1763669280448964: THREAD 10 WRITE LOCK RELEASED
1763669280448923: THREAD 5 READ LOCK ACQUIRED
1763669280448983: THREAD 5 WAITING FOR READ LOCK
1763669280448990: THREAD 5 READ LOCK ACQUIRED
1763669280449004: THREAD 11 WAITING FOR READ LOCK
1763669280449007: THREAD 5 WAITING FOR READ LOCK
1763669280449016: THREAD 5 READ LOCK ACQUIRED
1763669280449021: THREAD 5 WAITING FOR READ LOCK
1763669280449016: THREAD 11 READ LOCK ACQUIRED
1763669280449038: THREAD 11 WAITING FOR READ LOCK
1763669280449027: THREAD 5 READ LOCK ACQUIRED
1763669280449050: THREAD 5 WAITING FOR READ LOCK
1763669280449058: THREAD 5 READ LOCK ACQUIRED
1763669280449063: THREAD 5 WAITING FOR READ LOCK
1763669280449044: THREAD 11 READ LOCK ACQUIRED
1763669280449077: THREAD 11 WAITING FOR READ LOCK
1763669280449083: THREAD 11 READ LOCK ACQUIRED
1763669280449088: THREAD 11 WAITING FOR READ LOCK
1763669280449092: THREAD 11 READ LOCK ACQUIRED
1763669280449099: THREAD 11 WAITING FOR READ LOCK
1763669280449104: THREAD 11 READ LOCK ACQUIRED
1763669280449109: THREAD 11 WAITING FOR READ LOCK
1763669280449118: THREAD 11 READ LOCK ACQUIRED
1763669280449124: THREAD 11 WAITING FOR READ LOCK
1763669280449129: THREAD 11 READ LOCK ACQUIRED
1763669280449136: THREAD 11 WAITING FOR READ LOCK
1763669280449069: THREAD 5 READ LOCK ACQUIRED
1763669280449141: THREAD 11 READ LOCK ACQUIRED
1763669280449149: THREAD 11 WAITING FOR READ LOCK
1763669280449154: THREAD 11 READ LOCK ACQUIRED
1763669280449159: THREAD 11 WAITING FOR READ LOCK
1763669280449164: THREAD 11 READ LOCK ACQUIRED
1763669280449177: THREAD 11 WAITING FOR READ LOCK
1763669280449186: THREAD 11 READ LOCK ACQUIRED
1763669280449192: THREAD 11 WAITING FOR READ LOCK
1763669280449197: THREAD 11 READ LOCK ACQUIRED
1763669280449248: THREAD 11 WAITING FOR READ LOCK
1763669280449186: THREAD 5 WAITING FOR READ LOCK
1763669280449259: THREAD 11 READ LOCK ACQUIRED
1763669280449266: THREAD 11 WAITING FOR READ LOCK
1763669280449272: THREAD 11 READ LOCK ACQUIRED
1763669280449278: THREAD 11 WAITING FOR READ LOCK
1763669280449284: THREAD 11 READ LOCK ACQUIRED
1763669280449289: THREAD 11 WAITING FOR READ LOCK
1763669280449294: THREAD 11 READ LOCK ACQUIRED
1763669280449301: THREAD 11 WAITING FOR READ LOCK
1763669280449307: THREAD 11 READ LOCK ACQUIRED
1763669280449316: THREAD 11 WAITING FOR READ LOCK
1763669280449322: THREAD 11 READ LOCK ACQUIRED
1763669280449328: THREAD 11 WAITING FOR READ LOCK
1763669280449323: THREAD 5 READ LOCK ACQUIRED
1763669280449344: THREAD 5 WAITING FOR READ LOCK
1763669280449334: THREAD 11 READ LOCK ACQUIRED
1763669280449352: THREAD 5 READ LOCK ACQUIRED
1763669280449360: THREAD 5 WAITING FOR READ LOCK
1763669280449365: THREAD 5 READ LOCK ACQUIRED
1763669280449370: THREAD 5 WAITING FOR READ LOCK
1763669280449365: THREAD 11 WAITING FOR READ LOCK
1763669280449421: THREAD 11 READ LOCK ACQUIRED
1763669280449375: THREAD 5 READ LOCK ACQUIRED
1763669280449434: THREAD 11 WAITING FOR READ LOCK
1763669280449442: THREAD 11 READ LOCK ACQUIRED
1763669280449448: THREAD 11 WAITING FOR READ LOCK
1763669280449399: THREAD 7 READ LOCK RELEASED
1763669280449456: THREAD 11 READ LOCK ACQUIRED
1763669280449463: THREAD 11 WAITING FOR READ LOCK
1763669280449470: THREAD 11 READ LOCK ACQUIRED
1763669280449477: THREAD 11 WAITING FOR READ LOCK
1763669280449485: THREAD 11 READ LOCK ACQUIRED
1763669280449492: THREAD 11 WAITING FOR READ LOCK
1763669280449499: THREAD 11 READ LOCK ACQUIRED
1763669280449505: THREAD 11 WAITING FOR READ LOCK
1763669280449512: THREAD 11 READ LOCK ACQUIRED
1763669280449519: THREAD 11 WAITING FOR READ LOCK
1763669280449525: THREAD 11 READ LOCK ACQUIRED
1763669280449532: THREAD 11 WAITING FOR READ LOCK
1763669280449540: THREAD 11 READ LOCK ACQUIRED
1763669280449546: THREAD 11 WAITING FOR READ LOCK
1763669280449554: THREAD 11 READ LOCK ACQUIRED
1763669280449560: THREAD 11 WAITING FOR READ LOCK
1763669280449567: THREAD 11 READ LOCK ACQUIRED
1763669280449574: THREAD 11 WAITING FOR READ LOCK
1763669280449581: THREAD 11 READ LOCK ACQUIRED
1763669280449588: THREAD 11 WAITING FOR READ LOCK
1763669280449595: THREAD 11 READ LOCK ACQUIRED
1763669280449602: THREAD 11 WAITING FOR READ LOCK
1763669280449610: THREAD 11 READ LOCK ACQUIRED
1763669280449616: THREAD 11 WAITING FOR READ LOCK
1763669280449624: THREAD 11 READ LOCK ACQUIRED
1763669280449631: THREAD 11 WAITING FOR READ LOCK
1763669280449638: THREAD 11 READ LOCK ACQUIRED
1763669280449644: THREAD 11 WAITING FOR READ LOCK
1763669280449526: THREAD 5 WAITING FOR READ LOCK
1763669280449650: THREAD 11 READ LOCK ACQUIRED
1763669280449668: THREAD 11 WAITING FOR READ LOCK
1763669280449675: THREAD 11 READ LOCK ACQUIRED
1763669280449681: THREAD 11 WAITING FOR READ LOCK
1763669280449662: THREAD 5 READ LOCK ACQUIRED
1763669280449702: THREAD 5 WAITING FOR READ LOCK
1763669280449687: THREAD 11 READ LOCK ACQUIRED
1763669280449709: THREAD 5 READ LOCK ACQUIRED
1763669280449716: THREAD 5 WAITING FOR READ LOCK
1763669280449723: THREAD 5 READ LOCK ACQUIRED
1763669280449728: THREAD 5 WAITING FOR READ LOCK
1763669280449723: THREAD 11 WAITING FOR READ LOCK
1763669280449746: THREAD 11 READ LOCK ACQUIRED
1763669280449753: THREAD 11 WAITING FOR READ LOCK
1763669280449758: THREAD 11 READ LOCK ACQUIRED
1763669280449765: THREAD 11 WAITING FOR READ LOCK
1763669280449733: THREAD 5 READ LOCK ACQUIRED
1763669280449771: THREAD 11 READ LOCK ACQUIRED
1763669280449778: THREAD 11 WAITING FOR READ LOCK
1763669280449784: THREAD 11 READ LOCK ACQUIRED
1763669280449790: THREAD 11 WAITING FOR READ LOCK
1763669280449784: THREAD 5 WAITING FOR READ LOCK
1763669280449796: THREAD 11 READ LOCK ACQUIRED
1763669280449812: THREAD 11 WAITING FOR READ LOCK
1763669280449806: THREAD 5 READ LOCK ACQUIRED
1763669280449823: THREAD 5 WAITING FOR READ LOCK
1763669280449817: THREAD 11 READ LOCK ACQUIRED
1763669280450109: THREAD 5 READ LOCK ACQUIRED
1763669280450130: THREAD 5 WAITING FOR READ LOCK
1763669280450145: THREAD 11 WAITING FOR READ LOCK
1763669280450153: THREAD 11 READ LOCK ACQUIRED
1763669280450159: THREAD 11 WAITING FOR READ LOCK
1763669280450154: THREAD 5 READ LOCK ACQUIRED
1763669280450164: THREAD 11 READ LOCK ACQUIRED
1763669280450171: THREAD 11 WAITING FOR READ LOCK
1763669280450177: THREAD 11 READ LOCK ACQUIRED
1763669280450182: THREAD 11 WAITING FOR READ LOCK
1763669280450188: THREAD 11 READ LOCK ACQUIRED
1763669280450194: THREAD 11 WAITING FOR READ LOCK
1763669280450200: THREAD 11 READ LOCK ACQUIRED
1763669280450206: THREAD 11 WAITING FOR READ LOCK
1763669280450212: THREAD 11 READ LOCK ACQUIRED
1763669280450218: THREAD 11 WAITING FOR READ LOCK
1763669280450223: THREAD 11 READ LOCK ACQUIRED
1763669280450229: THREAD 11 WAITING FOR READ LOCK
1763669280450177: THREAD 5 WAITING FOR READ LOCK
1763669280450237: THREAD 11 READ LOCK ACQUIRED
1763669280450243: THREAD 11 WAITING FOR READ LOCK
1763669280450248: THREAD 11 READ LOCK ACQUIRED
1763669280450255: THREAD 11 WAITING FOR READ LOCK
1763669280450260: THREAD 11 READ LOCK ACQUIRED
1763669280450238: THREAD 5 READ LOCK ACQUIRED
1763669280450267: THREAD 11 WAITING FOR READ LOCK
1763669280450272: THREAD 11 READ LOCK ACQUIRED
1763669280450278: THREAD 11 WAITING FOR READ LOCK
1763669280450284: THREAD 11 READ LOCK ACQUIRED
1763669280450289: THREAD 11 WAITING FOR READ LOCK
1763669280450284: THREAD 5 PRINT TABLE 0  0
1763669280450309: THREAD 12 UPDATE 1874280167 Shigeru Miyamoto 90000
1763669280450322: THREAD 12 WAITING FOR WRITE LOCK
1763669280450295: THREAD 11 READ LOCK ACQUIRED
1763669280450338: THREAD 11 WAITING FOR READ LOCK
1763669280450313: THREAD 5 READ LOCK RELEASED
1763669280450343: THREAD 11 READ LOCK ACQUIRED
1763669280450350: THREAD 11 WAITING FOR READ LOCK
1763669280450356: THREAD 11 READ LOCK ACQUIRED
1763669280450363: THREAD 11 WAITING FOR READ LOCK
1763669280450369: THREAD 11 READ LOCK ACQUIRED
1763669280450369: THREAD 13 UPDATE -1725001979 Hideo Kojima 97000
1763669280450376: THREAD 11 WAITING FOR READ LOCK
1763669280450383: THREAD 11 READ LOCK ACQUIRED
1763669280450384: THREAD 5 READ LOCK RELEASED
1763669280450394: THREAD 5 READ LOCK RELEASED
1763669280450399: THREAD 5 READ LOCK RELEASED
1763669280450403: THREAD 14 WAITING FOR READ LOCK
1763669280450405: THREAD 5 READ LOCK RELEASED
1763669280450412: THREAD 5 READ LOCK RELEASED
1763669280450421: THREAD 14 READ LOCK ACQUIRED
1763669280450450: THREAD 14 SEARCH 1874280167 Shigeru Miyamoto 85000
1763669280450421: THREAD 5 READ LOCK RELEASED
1763669280450472: THREAD 5 READ LOCK RELEASED
1763669280450478: THREAD 5 READ LOCK RELEASED
1763669280450425: THREAD 15 WAITING FOR READ LOCK
1763669280450486: THREAD 5 READ LOCK RELEASED
1763669280450390: THREAD 11 WAITING FOR READ LOCK
1763669280450473: THREAD 13 WAITING FOR WRITE LOCK
1763669280450479: THREAD 16 INSERT -309582875 Cloud Strife 75000
1763669280450526: THREAD 17 INSERT 1962867686 Samus Aran 78000
1763669280450521: THREAD 14 READ LOCK RELEASED
1763669280450542: THREAD 18 INSERT -1310774353 Link 82000
1763669280450549: THREAD 18 WAITING FOR WRITE LOCK
1763669280450503: THREAD 15 READ LOCK ACQUIRED
1763669280450493: THREAD 5 READ LOCK RELEASED
1763669280450561: THREAD 15 SEARCH -1725001979 Hideo Kojima 92000
1763669280450571: THREAD 5 READ LOCK RELEASED
1763669280450583: THREAD 16 WAITING FOR WRITE LOCK
1763669280450542: THREAD 17 WAITING FOR WRITE LOCK
1763669280450584: THREAD 11 READ LOCK ACQUIRED
1763669280450641: THREAD 11 WAITING FOR READ LOCK
1763669280450584: THREAD 5 READ LOCK RELEASED
1763669280450648: THREAD 11 READ LOCK ACQUIRED
1763669280450653: THREAD 11 WAITING FOR READ LOCK
1763669280450601: THREAD 19 WAITING FOR READ LOCK
1763669280450659: THREAD 11 READ LOCK ACQUIRED
1763669280450676: THREAD 11 PRINT TABLE 0  0
1763669280450656: THREAD 20 WAITING FOR READ LOCK
1763669280450674: THREAD 15 READ LOCK RELEASED
1763669280450669: THREAD 19 READ LOCK ACQUIRED
1763669280450684: THREAD 11 READ LOCK RELEASED
1763669280450694: THREAD 11 READ LOCK RELEASED
1763669280450700: THREAD 22 WAITING FOR WRITE LOCK
1763669280450703: THREAD 11 READ LOCK RELEASED
1763669280450720: THREAD 11 READ LOCK RELEASED
1763669280450726: THREAD 11 READ LOCK RELEASED
1763669280450733: THREAD 11 READ LOCK RELEASED
1763669280450734: THREAD 13 WRITE LOCK ACQUIRED
1763669280450670: THREAD 5 READ LOCK RELEASED
1763669280450739: THREAD 11 READ LOCK RELEASED
1763669280450673: THREAD 21 WAITING FOR READ LOCK
1763669280450750: THREAD 23 WAITING FOR READ LOCK
1763669280450756: THREAD 11 READ LOCK RELEASED
1763669280450766: THREAD 23 READ LOCK ACQUIRED
1763669280450775: THREAD 11 READ LOCK RELEASED
1763669280450780: THREAD 23 SEARCH -409174646 Todd Howard 79000
1763669280450789: THREAD 11 READ LOCK RELEASED
1763669280450791: THREAD 8 WRITE LOCK ACQUIRED
1763669280450809: THREAD 19 READ LOCK RELEASED
1763669280450816: THREAD 20 READ LOCK ACQUIRED
1763669280450763: THREAD 24 INSERT 1687466630 Solid Snake 80000
1763669280450820: THREAD 25 INSERT 74577200 Master Chief 83000
1763669280450838: THREAD 21 READ LOCK ACQUIRED
1763669280450846: THREAD 21 WAITING FOR READ LOCK
1763669280450852: THREAD 25 WAITING FOR WRITE LOCK
1763669280450853: THREAD 8 WRITE LOCK RELEASED
1763669280450865: THREAD 24 WAITING FOR WRITE LOCK
1763669280450885: THREAD 24 WRITE LOCK ACQUIRED
1763669280450889: THREAD 13 WRITE LOCK RELEASED
1763669280450799: THREAD 11 READ LOCK RELEASED
1763669280450852: THREAD 21 READ LOCK ACQUIRED
1763669280450772: THREAD 5 READ LOCK RELEASED
1763669280450872: THREAD 26 UPDATE 448054155 Gabe Newell 93000
1763669280450925: THREAD 26 WAITING FOR WRITE LOCK
1763669280450893: THREAD 24 WRITE LOCK RELEASED
1763669280450933: THREAD 27 WAITING FOR READ LOCK
1763669280450941: THREAD 26 WRITE LOCK ACQUIRED
1763669280450954: THREAD 21 WAITING FOR READ LOCK
1763669280450955: THREAD 5 READ LOCK RELEASED
1763669280450960: THREAD 21 READ LOCK ACQUIRED
1763669280450967: THREAD 21 WAITING FOR READ LOCK
1763669280450976: THREAD 5 READ LOCK RELEASED
1763669280450984: THREAD 5 READ LOCK RELEASED
1763669280450989: THREAD 5 READ LOCK RELEASED
1763669280450995: THREAD 5 READ LOCK RELEASED
1763669280451009: THREAD 5 READ LOCK RELEASED
1763669280450927: THREAD 11 READ LOCK RELEASED
1763669280451019: THREAD 5 READ LOCK RELEASED
1763669280450989: THREAD 29 INSERT 577223543 Tifa Lockhart 69000
1763669280451021: THREAD 21 READ LOCK ACQUIRED
1763669280451024: THREAD 5 READ LOCK RELEASED
1763669280451033: THREAD 5 READ LOCK RELEASED
1763669280450990: THREAD 28 INSERT -1887004811 Aerith Gainsborough 71000
1763669280451040: THREAD 5 READ LOCK RELEASED
1763669280451052: THREAD 5 READ LOCK RELEASED
1763669280451059: THREAD 5 READ LOCK RELEASED
1763669280451066: THREAD 5 READ LOCK RELEASED
1763669280451072: THREAD 5 READ LOCK RELEASED
1763669280451078: THREAD 5 READ LOCK RELEASED
1763669280451084: THREAD 5 READ LOCK RELEASED
1763669280451088: THREAD 5 READ LOCK RELEASED
1763669280451093: THREAD 31 WAITING FOR READ LOCK
1763669280451052: THREAD 28 WAITING FOR WRITE LOCK
1763669280451096: THREAD 5 READ LOCK RELEASED
1763669280451103: THREAD 32 WAITING FOR READ LOCK
1763669280451131: THREAD 32 READ LOCK ACQUIRED
1763669280451053: THREAD 11 READ LOCK RELEASED
1763669280451139: THREAD 23 READ LOCK RELEASED
1763669280451144: THREAD 22 WRITE LOCK ACQUIRED
1763669280451162: THREAD 22 DELETE -409174646 Todd Howard 79000
1763669280451079: THREAD 21 WAITING FOR READ LOCK
1763669280451043: THREAD 20 READ LOCK RELEASED
1763669280451183: THREAD 21 READ LOCK ACQUIRED
1763669280451189: THREAD 21 WAITING FOR READ LOCK
1763669280451194: THREAD 21 READ LOCK ACQUIRED
1763669280451185: THREAD 34 WAITING FOR READ LOCK
1763669280451207: THREAD 21 WAITING FOR READ LOCK
1763669280451218: THREAD 34 READ LOCK ACQUIRED
1763669280451226: THREAD 21 READ LOCK ACQUIRED
1763669280451233: THREAD 36 WAITING FOR READ LOCK
1763669280451150: THREAD 33 UPDATE -1887004811 Aerith Gainsborough 76000
1763669280451259: THREAD 36 READ LOCK ACQUIRED
1763669280451272: THREAD 37 INSERT 570842830 Nobuo Uematsu 88000
1763669280451218: THREAD 29 WAITING FOR WRITE LOCK
1763669280451291: THREAD 37 WAITING FOR WRITE LOCK
1763669280451052: THREAD 30 INSERT 1944738683 Yuna 74000
1763669280451243: THREAD 21 WAITING FOR READ LOCK
1763669280451308: THREAD 31 READ LOCK ACQUIRED
1763669280451308: THREAD 30 WAITING FOR WRITE LOCK
1763669280451331: THREAD 39 INSERT -322708462 Yoko Shimomura 91000
1763669280451339: THREAD 39 WAITING FOR WRITE LOCK
1763669280451350: THREAD 33 WAITING FOR WRITE LOCK
1763669280451356: THREAD 40 WAITING FOR READ LOCK
1763669280451370: THREAD 41 UPDATE 1088855094 Hidetaka Miyazaki 100000
1763669280451308: THREAD 21 READ LOCK ACQUIRED
1763669280451385: THREAD 41 WAITING FOR WRITE LOCK
1763669280451233: THREAD 32 READ LOCK RELEASED
1763669280451395: THREAD 11 READ LOCK RELEASED
1763669280451395: THREAD 42 UPDATE 1698859017 Hayao Miyazaki 110000
1763669280451407: THREAD 37 WRITE LOCK ACQUIRED
1763669280451405: THREAD 11 READ LOCK RELEASED
1763669280451376: THREAD 40 READ LOCK ACQUIRED
1763669280451428: THREAD 45 INSERT -2145361568 Mario 65000
1763669280451433: THREAD 37 WRITE LOCK RELEASED
1763669280451444: THREAD 45 WAITING FOR WRITE LOCK
1763669280451439: THREAD 48 WAITING FOR READ LOCK
1763669280451105: THREAD 5 READ LOCK RELEASED
1763669280451456: THREAD 22 WRITE LOCK RELEASED
1763669280451461: THREAD 48 READ LOCK ACQUIRED
1763669280451317: THREAD 31 WAITING FOR READ LOCK
1763669280451483: THREAD 49 INSERT -1741067585 Lara Croft 77000
1763669280451489: THREAD 31 READ LOCK ACQUIRED
1763669280451507: THREAD 31 WAITING FOR READ LOCK
1763669280451375: THREAD 26 WRITE LOCK RELEASED
1763669280451438: THREAD 47 WAITING FOR WRITE LOCK
1763669280451501: THREAD 49 WAITING FOR WRITE LOCK
1763669280451414: THREAD 42 WAITING FOR WRITE LOCK
1763669280451528: THREAD 31 READ LOCK ACQUIRED
1763669280451408: THREAD 43 WAITING FOR READ LOCK
1763669280451538: THREAD 31 WAITING FOR READ LOCK
1763669280451212: THREAD 35 WAITING FOR WRITE LOCK
1763669280451377: THREAD 27 READ LOCK ACQUIRED
1763669280451555: THREAD 31 READ LOCK ACQUIRED
1763669280451561: THREAD 31 WAITING FOR READ LOCK
1763669280451428: THREAD 46 INSERT -1219080132 Sonic 67000
1763669280451567: THREAD 31 READ LOCK ACQUIRED
1763669280451579: THREAD 5 READ LOCK RELEASED
1763669280451590: THREAD 5 READ LOCK RELEASED
1763669280451593: THREAD 5 READ LOCK RELEASED
1763669280451598: THREAD 43 READ LOCK ACQUIRED
1763669280451605: THREAD 5 READ LOCK RELEASED
1763669280451607: THREAD 43 SEARCH 1088855094 Hidetaka Miyazaki 95000
1763669280451613: THREAD 46 WAITING FOR WRITE LOCK
1763669280451617: THREAD 5 READ LOCK RELEASED
1763669280451278: THREAD 36 SEARCH 1636918322 Satoshi Kon 98000
1763669280451626: THREAD 42 WRITE LOCK ACQUIRED
1763669280451585: THREAD 31 WAITING FOR READ LOCK
1763669280451632: THREAD 5 READ LOCK RELEASED
1763669280451648: THREAD 40 WAITING FOR READ LOCK
1763669280451416: THREAD 44 WAITING FOR READ LOCK
1763669280451304: THREAD 38 INSERT 1499823524 Koji Kondo 86000
1763669280451653: THREAD 5 READ LOCK RELEASED
1763669280451423: THREAD 11 READ LOCK RELEASED
1763669280451668: THREAD 48 READ LOCK RELEASED
1763669280451669: THREAD 27 SEARCH 448054155 Gabe Newell 93000
1763669280451676: THREAD 21 WAITING FOR READ LOCK
1763669280451681: THREAD 21 READ LOCK ACQUIRED
1763669280451686: THREAD 21 WAITING FOR READ LOCK
1763669280451692: THREAD 38 WAITING FOR WRITE LOCK
1763669280451707: THREAD 11 READ LOCK RELEASED
1763669280451606: THREAD 34 READ LOCK RELEASED
1763669280451715: THREAD 11 READ LOCK RELEASED
1763669280451730: THREAD 11 READ LOCK RELEASED
1763669280451735: THREAD 11 READ LOCK RELEASED
1763669280451737: THREAD 43 READ LOCK RELEASED
1763669280451740: THREAD 11 READ LOCK RELEASED
1763669280451648: THREAD 31 READ LOCK ACQUIRED
1763669280451755: THREAD 11 READ LOCK RELEASED
1763669280451761: THREAD 11 READ LOCK RELEASED
1763669280451761: THREAD 31 WAITING FOR READ LOCK
1763669280451732: THREAD 39 WRITE LOCK ACQUIRED
1763669280451774: THREAD 11 READ LOCK RELEASED
1763669280451781: THREAD 31 READ LOCK ACQUIRED
1763669280451797: THREAD 31 WAITING FOR READ LOCK
1763669280451804: THREAD 31 READ LOCK ACQUIRED
1763669280451809: THREAD 31 WAITING FOR READ LOCK
1763669280451814: THREAD 21 READ LOCK ACQUIRED
1763669280451814: THREAD 31 READ LOCK ACQUIRED
1763669280451821: THREAD 31 WAITING FOR READ LOCK
1763669280451826: THREAD 21 WAITING FOR READ LOCK
1763669280451827: THREAD 31 READ LOCK ACQUIRED
1763669280451837: THREAD 21 READ LOCK ACQUIRED
1763669280451791: THREAD 11 READ LOCK RELEASED
1763669280451851: THREAD 21 WAITING FOR READ LOCK
1763669280451858: THREAD 11 READ LOCK RELEASED
1763669280451742: THREAD 5 READ LOCK RELEASED
1763669280451656: THREAD 40 READ LOCK ACQUIRED
1763669280451861: THREAD 21 READ LOCK ACQUIRED
1763669280451844: THREAD 31 WAITING FOR READ LOCK
1763669280451812: THREAD 42 WRITE LOCK RELEASED
1763669280451876: THREAD 36 READ LOCK RELEASED
1763669280451886: THREAD 40 WAITING FOR READ LOCK
1763669280451890: THREAD 21 WAITING FOR READ LOCK
1763669280451897: THREAD 40 READ LOCK ACQUIRED
1763669280451908: THREAD 40 WAITING FOR READ LOCK
1763669280451902: THREAD 21 READ LOCK ACQUIRED
1763669280451904: THREAD 31 READ LOCK ACQUIRED
1763669280451914: THREAD 40 READ LOCK ACQUIRED
1763669280451920: THREAD 31 WAITING FOR READ LOCK
1763669280451866: THREAD 11 READ LOCK RELEASED
1763669280451858: THREAD 44 READ LOCK ACQUIRED
1763669280451923: THREAD 40 WAITING FOR READ LOCK
1763669280451937: THREAD 40 READ LOCK ACQUIRED
1763669280451920: THREAD 5 READ LOCK RELEASED
1763669280451790: THREAD 39 WRITE LOCK RELEASED
1763669280451943: THREAD 40 WAITING FOR READ LOCK
1763669280451950: THREAD 40 READ LOCK ACQUIRED
1763669280451956: THREAD 40 WAITING FOR READ LOCK
1763669280451966: THREAD 40 READ LOCK ACQUIRED
1763669280451971: THREAD 40 WAITING FOR READ LOCK
1763669280451976: THREAD 40 READ LOCK ACQUIRED
1763669280451983: THREAD 40 WAITING FOR READ LOCK
1763669280451990: THREAD 40 READ LOCK ACQUIRED
1763669280451996: THREAD 40 WAITING FOR READ LOCK
1763669280451932: THREAD 31 READ LOCK ACQUIRED
1763669280452002: THREAD 40 READ LOCK ACQUIRED
1763669280452009: THREAD 40 WAITING FOR READ LOCK
1763669280452015: THREAD 44 SEARCH 1698859017 Hayao Miyazaki 110000
1763669280452022: THREAD 40 READ LOCK ACQUIRED
1763669280452032: THREAD 21 WAITING FOR READ LOCK
1763669280452016: THREAD 31 WAITING FOR READ LOCK
1763669280452046: THREAD 40 WAITING FOR READ LOCK
1763669280451945: THREAD 27 READ LOCK RELEASED
1763669280451967: THREAD 5 READ LOCK RELEASED
1763669280452051: THREAD 40 READ LOCK ACQUIRED
1763669280452063: THREAD 5 READ LOCK RELEASED
1763669280452063: THREAD 31 READ LOCK ACQUIRED
1763669280452070: THREAD 5 READ LOCK RELEASED
1763669280452078: THREAD 31 WAITING FOR READ LOCK
1763669280452043: THREAD 21 READ LOCK ACQUIRED
1763669280452082: THREAD 5 READ LOCK RELEASED
1763669280452089: THREAD 5 READ LOCK RELEASED
1763669280452095: THREAD 5 READ LOCK RELEASED
1763669280452100: THREAD 5 READ LOCK RELEASED
1763669280452105: THREAD 5 READ LOCK RELEASED
1763669280452111: THREAD 5 READ LOCK RELEASED
1763669280452118: THREAD 5 READ LOCK RELEASED
1763669280452124: THREAD 5 READ LOCK RELEASED
1763669280452129: THREAD 5 READ LOCK RELEASED
1763669280452135: THREAD 5 READ LOCK RELEASED
1763669280452141: THREAD 5 READ LOCK RELEASED
1763669280452148: THREAD 5 READ LOCK RELEASED
1763669280452153: THREAD 5 READ LOCK RELEASED
1763669280452159: THREAD 52 WAITING FOR READ LOCK
1763669280452170: THREAD 5 READ LOCK RELEASED
1763669280452180: THREAD 5 READ LOCK RELEASED
1763669280452101: THREAD 31 READ LOCK ACQUIRED
1763669280452189: THREAD 44 READ LOCK RELEASED
1763669280452189: THREAD 53 INSERT -1601346029 Kirby 62000
1763669280452119: THREAD 50 UPDATE 74577200 Master Chief 88000
1763669280452209: THREAD 52 READ LOCK ACQUIRED
1763669280452064: THREAD 11 READ LOCK RELEASED
1763669280452232: THREAD 55 WAITING FOR WRITE LOCK
1763669280452308: THREAD 11 READ LOCK RELEASED
1763669280452318: THREAD 11 READ LOCK RELEASED
1763669280452323: THREAD 11 READ LOCK RELEASED
1763669280452327: THREAD 11 READ LOCK RELEASED
1763669280452215: THREAD 53 WAITING FOR WRITE LOCK
1763669280452333: THREAD 11 READ LOCK RELEASED
1763669280452339: THREAD 11 READ LOCK RELEASED
1763669280452335: THREAD 45 WRITE LOCK ACQUIRED
1763669280452345: THREAD 11 READ LOCK RELEASED
1763669280452352: THREAD 11 READ LOCK RELEASED
1763669280452272: THREAD 57 WAITING FOR READ LOCK
1763669280452190: THREAD 5 READ LOCK RELEASED
1763669280452238: THREAD 21 WAITING FOR READ LOCK
1763669280452370: THREAD 45 WRITE LOCK RELEASED
1763669280452358: THREAD 11 READ LOCK RELEASED
1763669280452378: THREAD 21 READ LOCK ACQUIRED
1763669280452387: THREAD 21 WAITING FOR READ LOCK
1763669280452159: THREAD 51 WAITING FOR READ LOCK
1763669280452394: THREAD 21 READ LOCK ACQUIRED
1763669280452399: THREAD 21 WAITING FOR READ LOCK
1763669280452404: THREAD 21 READ LOCK ACQUIRED
1763669280452409: THREAD 21 WAITING FOR READ LOCK
1763669280452414: THREAD 21 READ LOCK ACQUIRED
1763669280452419: THREAD 21 WAITING FOR READ LOCK
1763669280452425: THREAD 21 READ LOCK ACQUIRED
1763669280452429: THREAD 21 WAITING FOR READ LOCK
1763669280452364: THREAD 38 WRITE LOCK ACQUIRED
1763669280452197: THREAD 40 WAITING FOR READ LOCK
1763669280452446: THREAD 38 WRITE LOCK RELEASED
1763669280452448: THREAD 57 READ LOCK ACQUIRED
1763669280452273: THREAD 58 UPDATE 1513496221 Missing Person 99999
1763669280452475: THREAD 58 WAITING FOR WRITE LOCK
1763669280452479: THREAD 58 WRITE LOCK ACQUIRED
1763669280452484: THREAD 58 WRITE LOCK RELEASED
1763669280452198: THREAD 54 UPDATE -1310774353 Link 87000
1763669280452505: THREAD 54 WAITING FOR WRITE LOCK
1763669280452514: THREAD 31 WAITING FOR READ LOCK
1763669280452523: THREAD 31 READ LOCK ACQUIRED
1763669280452527: THREAD 31 WAITING FOR READ LOCK
1763669280452531: THREAD 31 READ LOCK ACQUIRED
1763669280452535: THREAD 31 WAITING FOR READ LOCK
1763669280452539: THREAD 31 READ LOCK ACQUIRED
1763669280452543: THREAD 31 WAITING FOR READ LOCK
1763669280452547: THREAD 31 READ LOCK ACQUIRED
1763669280452551: THREAD 31 WAITING FOR READ LOCK
1763669280452556: THREAD 31 READ LOCK ACQUIRED
1763669280452559: THREAD 31 WAITING FOR READ LOCK
1763669280452236: THREAD 52 WAITING FOR READ LOCK
1763669280452571: THREAD 52 READ LOCK ACQUIRED
1763669280452574: THREAD 52 WAITING FOR READ LOCK
1763669280452578: THREAD 52 READ LOCK ACQUIRED
1763669280452583: THREAD 52 WAITING FOR READ LOCK
1763669280452587: THREAD 52 READ LOCK ACQUIRED
1763669280452591: THREAD 52 WAITING FOR READ LOCK
1763669280452594: THREAD 52 READ LOCK ACQUIRED
1763669280452592: THREAD 57 READ LOCK RELEASED
1763669280452599: THREAD 52 WAITING FOR READ LOCK
1763669280452603: THREAD 52 READ LOCK ACQUIRED
1763669280452607: THREAD 52 WAITING FOR READ LOCK
1763669280452610: THREAD 52 READ LOCK ACQUIRED
1763669280452259: THREAD 56 INSERT 1925106209 Geralt of Rivia 84000
1763669280452616: THREAD 52 WAITING FOR READ LOCK
1763669280452620: THREAD 52 READ LOCK ACQUIRED
1763669280452623: THREAD 52 WAITING FOR READ LOCK
1763669280452628: THREAD 52 READ LOCK ACQUIRED
1763669280452631: THREAD 52 WAITING FOR READ LOCK
1763669280452636: THREAD 52 READ LOCK ACQUIRED
1763669280452639: THREAD 52 WAITING FOR READ LOCK
1763669280452643: THREAD 52 READ LOCK ACQUIRED
1763669280452647: THREAD 52 WAITING FOR READ LOCK
1763669280452650: THREAD 52 READ LOCK ACQUIRED
1763669280452654: THREAD 52 WAITING FOR READ LOCK
1763669280452658: THREAD 52 READ LOCK ACQUIRED
1763669280452661: THREAD 52 WAITING FOR READ LOCK
1763669280452665: THREAD 52 READ LOCK ACQUIRED
1763669280452668: THREAD 52 WAITING FOR READ LOCK
1763669280452673: THREAD 52 READ LOCK ACQUIRED
1763669280452676: THREAD 52 WAITING FOR READ LOCK
1763669280452680: THREAD 52 READ LOCK ACQUIRED
1763669280452683: THREAD 52 WAITING FOR READ LOCK
1763669280452687: THREAD 52 READ LOCK ACQUIRED
1763669280452691: THREAD 52 WAITING FOR READ LOCK
1763669280452696: THREAD 52 READ LOCK ACQUIRED
1763669280452702: THREAD 52 WAITING FOR READ LOCK
1763669280452706: THREAD 52 READ LOCK ACQUIRED
1763669280452709: THREAD 52 WAITING FOR READ LOCK
1763669280452274: THREAD 59 WAITING FOR READ LOCK
1763669280452722: THREAD 59 READ LOCK ACQUIRED
1763669280452357: THREAD 53 WRITE LOCK ACQUIRED
1763669280452724: THREAD 56 WAITING FOR WRITE LOCK
1763669280452747: THREAD 56 WRITE LOCK ACQUIRED
1763669280452753: THREAD 56 WRITE LOCK RELEASED
1763669280452756: THREAD 11 READ LOCK RELEASED
1763669280452758: THREAD 16 WRITE LOCK ACQUIRED
1763669280452770: THREAD 16 WRITE LOCK RELEASED
1763669280452771: THREAD 11 READ LOCK RELEASED
1763669280452775: THREAD 17 WRITE LOCK ACQUIRED
1763669280452772: THREAD 50 WAITING FOR WRITE LOCK
1763669280452783: THREAD 11 READ LOCK RELEASED
1763669280452786: THREAD 12 WRITE LOCK ACQUIRED
1763669280452791: THREAD 11 READ LOCK RELEASED
1763669280452526: THREAD 5 READ LOCK RELEASED
1763669280452806: THREAD 21 READ LOCK ACQUIRED
1763669280452813: THREAD 21 WAITING FOR READ LOCK
1763669280452812: THREAD 52 READ LOCK ACQUIRED
1763669280452818: THREAD 5 READ LOCK RELEASED
1763669280452828: THREAD 52 WAITING FOR READ LOCK
1763669280452836: THREAD 52 READ LOCK ACQUIRED
1763669280452843: THREAD 52 WAITING FOR READ LOCK
1763669280452803: THREAD 53 WRITE LOCK RELEASED
1763669280452849: THREAD 52 READ LOCK ACQUIRED
1763669280452806: THREAD 11 READ LOCK RELEASED
1763669280452857: THREAD 52 WAITING FOR READ LOCK
1763669280452810: THREAD 31 READ LOCK ACQUIRED
1763669280452864: THREAD 52 READ LOCK ACQUIRED
1763669280452870: THREAD 52 WAITING FOR READ LOCK
1763669280452819: THREAD 21 READ LOCK ACQUIRED
1763669280452726: THREAD 59 WAITING FOR READ LOCK
1763669280452761: THREAD 51 READ LOCK ACQUIRED
1763669280452869: THREAD 40 READ LOCK ACQUIRED
1763669280452844: THREAD 17 WRITE LOCK RELEASED
1763669280452889: THREAD 40 WAITING FOR READ LOCK
1763669280452889: THREAD 11 READ LOCK RELEASED
1763669280452899: THREAD 40 READ LOCK ACQUIRED
1763669280452915: THREAD 40 WAITING FOR READ LOCK
1763669280452891: THREAD 59 READ LOCK ACQUIRED
1763669280452923: THREAD 40 READ LOCK ACQUIRED
1763669280452929: THREAD 59 WAITING FOR READ LOCK
1763669280452929: THREAD 40 WAITING FOR READ LOCK
1763669280452915: THREAD 21 WAITING FOR READ LOCK
1763669280452916: THREAD 52 READ LOCK ACQUIRED
1763669280452912: THREAD 11 READ LOCK RELEASED
1763669280452945: THREAD 21 READ LOCK ACQUIRED
1763669280452957: THREAD 21 WAITING FOR READ LOCK
1763669280452953: THREAD 52 WAITING FOR READ LOCK
1763669280452964: THREAD 21 READ LOCK ACQUIRED
1763669280452972: THREAD 21 WAITING FOR READ LOCK
1763669280452969: THREAD 52 READ LOCK ACQUIRED
1763669280452977: THREAD 21 READ LOCK ACQUIRED
1763669280452988: THREAD 21 WAITING FOR READ LOCK
1763669280452983: THREAD 52 WAITING FOR READ LOCK
1763669280452995: THREAD 52 READ LOCK ACQUIRED
1763669280452995: THREAD 21 READ LOCK ACQUIRED
1763669280453000: THREAD 21 WAITING FOR READ LOCK
1763669280453005: THREAD 21 READ LOCK ACQUIRED
1763669280452908: THREAD 31 WAITING FOR READ LOCK
1763669280453011: THREAD 21 WAITING FOR READ LOCK
1763669280453017: THREAD 21 READ LOCK ACQUIRED
1763669280453022: THREAD 21 WAITING FOR READ LOCK
1763669280453030: THREAD 21 READ LOCK ACQUIRED
1763669280453035: THREAD 21 WAITING FOR READ LOCK
1763669280453039: THREAD 21 READ LOCK ACQUIRED
1763669280453045: THREAD 21 WAITING FOR READ LOCK
1763669280453050: THREAD 21 READ LOCK ACQUIRED
1763669280453055: THREAD 21 WAITING FOR READ LOCK
1763669280453061: THREAD 21 READ LOCK ACQUIRED
1763669280453068: THREAD 21 WAITING FOR READ LOCK
1763669280453075: THREAD 52 WAITING FOR READ LOCK
1763669280453086: THREAD 52 READ LOCK ACQUIRED
1763669280452934: THREAD 59 READ LOCK ACQUIRED
1763669280453096: THREAD 59 WAITING FOR READ LOCK
1763669280453097: THREAD 31 READ LOCK ACQUIRED
1763669280453109: THREAD 31 WAITING FOR READ LOCK
1763669280453113: THREAD 31 READ LOCK ACQUIRED
1763669280453078: THREAD 21 READ LOCK ACQUIRED
1763669280453119: THREAD 31 WAITING FOR READ LOCK
1763669280453127: THREAD 21 WAITING FOR READ LOCK
1763669280453136: THREAD 21 READ LOCK ACQUIRED
1763669280453138: THREAD 52 WAITING FOR READ LOCK
1763669280453142: THREAD 21 WAITING FOR READ LOCK
1763669280453148: THREAD 52 READ LOCK ACQUIRED
1763669280453153: THREAD 21 READ LOCK ACQUIRED
1763669280453163: THREAD 21 WAITING FOR READ LOCK
1763669280453159: THREAD 52 WAITING FOR READ LOCK
1763669280453169: THREAD 52 READ LOCK ACQUIRED
1763669280453174: THREAD 21 READ LOCK ACQUIRED
1763669280453179: THREAD 21 WAITING FOR READ LOCK
1763669280453183: THREAD 21 READ LOCK ACQUIRED
1763669280453189: THREAD 21 WAITING FOR READ LOCK
1763669280453193: THREAD 21 READ LOCK ACQUIRED
1763669280453196: THREAD 21 WAITING FOR READ LOCK
1763669280453200: THREAD 21 READ LOCK ACQUIRED
1763669280453063: THREAD 40 READ LOCK ACQUIRED
1763669280453106: THREAD 59 READ LOCK ACQUIRED
1763669280453206: THREAD 21 WAITING FOR READ LOCK
1763669280453086: THREAD 11 READ LOCK RELEASED
1763669280453215: THREAD 21 READ LOCK ACQUIRED
1763669280453175: THREAD 52 WAITING FOR READ LOCK
1763669280453128: THREAD 31 READ LOCK ACQUIRED
1763669280453229: THREAD 11 READ LOCK RELEASED
1763669280453235: THREAD 40 WAITING FOR READ LOCK
1763669280453246: THREAD 40 READ LOCK ACQUIRED
1763669280453249: THREAD 40 WAITING FOR READ LOCK
1763669280453244: THREAD 11 READ LOCK RELEASED
1763669280453246: THREAD 21 WAITING FOR READ LOCK
1763669280453254: THREAD 40 READ LOCK ACQUIRED
1763669280453242: THREAD 52 READ LOCK ACQUIRED
1763669280453270: THREAD 40 WAITING FOR READ LOCK
1763669280453275: THREAD 40 READ LOCK ACQUIRED
1763669280453275: THREAD 52 WAITING FOR READ LOCK
1763669280453282: THREAD 40 WAITING FOR READ LOCK
1763669280453286: THREAD 52 READ LOCK ACQUIRED
1763669280453293: THREAD 40 READ LOCK ACQUIRED
1763669280453302: THREAD 40 WAITING FOR READ LOCK
1763669280453298: THREAD 52 WAITING FOR READ LOCK
1763669280453307: THREAD 40 READ LOCK ACQUIRED
1763669280453316: THREAD 40 WAITING FOR READ LOCK
1763669280453313: THREAD 52 READ LOCK ACQUIRED
1763669280453322: THREAD 40 READ LOCK ACQUIRED
1763669280453330: THREAD 40 WAITING FOR READ LOCK
1763669280453327: THREAD 52 WAITING FOR READ LOCK
1763669280453336: THREAD 40 READ LOCK ACQUIRED
1763669280453345: THREAD 40 WAITING FOR READ LOCK
1763669280453341: THREAD 52 READ LOCK ACQUIRED
1763669280453354: THREAD 40 READ LOCK ACQUIRED
1763669280453359: THREAD 52 WAITING FOR READ LOCK
1763669280453367: THREAD 40 WAITING FOR READ LOCK
1763669280453372: THREAD 52 READ LOCK ACQUIRED
1763669280453377: THREAD 52 WAITING FOR READ LOCK
1763669280453266: THREAD 18 WRITE LOCK ACQUIRED
1763669280453384: THREAD 52 READ LOCK ACQUIRED
1763669280453383: THREAD 40 READ LOCK ACQUIRED
1763669280453396: THREAD 40 WAITING FOR READ LOCK
1763669280453401: THREAD 40 READ LOCK ACQUIRED
1763669280453398: THREAD 18 WRITE LOCK RELEASED
1763669280453407: THREAD 40 WAITING FOR READ LOCK
1763669280453424: THREAD 40 READ LOCK ACQUIRED
1763669280453428: THREAD 40 WAITING FOR READ LOCK
1763669280453433: THREAD 40 READ LOCK ACQUIRED
1763669280453439: THREAD 40 WAITING FOR READ LOCK
1763669280453444: THREAD 40 READ LOCK ACQUIRED
1763669280453449: THREAD 40 WAITING FOR READ LOCK
1763669280453455: THREAD 40 READ LOCK ACQUIRED
1763669280453459: THREAD 40 WAITING FOR READ LOCK
1763669280453464: THREAD 40 READ LOCK ACQUIRED
1763669280453469: THREAD 40 WAITING FOR READ LOCK
1763669280453474: THREAD 40 READ LOCK ACQUIRED
1763669280453479: THREAD 40 WAITING FOR READ LOCK
1763669280453485: THREAD 40 READ LOCK ACQUIRED
1763669280453489: THREAD 40 WAITING FOR READ LOCK
1763669280453494: THREAD 40 READ LOCK ACQUIRED
1763669280453500: THREAD 40 WAITING FOR READ LOCK
1763669280453504: THREAD 40 READ LOCK ACQUIRED
1763669280453509: THREAD 40 WAITING FOR READ LOCK
1763669280453516: THREAD 40 READ LOCK ACQUIRED
1763669280453521: THREAD 40 WAITING FOR READ LOCK
1763669280453526: THREAD 40 READ LOCK ACQUIRED
1763669280453531: THREAD 40 WAITING FOR READ LOCK
1763669280453538: THREAD 40 READ LOCK ACQUIRED
1763669280453546: THREAD 40 WAITING FOR READ LOCK
1763669280453551: THREAD 40 READ LOCK ACQUIRED
1763669280453556: THREAD 40 WAITING FOR READ LOCK
1763669280453254: THREAD 59 WAITING FOR READ LOCK
1763669280453391: THREAD 52 WAITING FOR READ LOCK
1763669280453575: THREAD 12 WRITE LOCK RELEASED
1763669280453575: THREAD 59 READ LOCK ACQUIRED
1763669280453589: THREAD 59 WAITING FOR READ LOCK
1763669280453579: THREAD 21 READ LOCK ACQUIRED
1763669280453592: THREAD 40 READ LOCK ACQUIRED
1763669280453598: THREAD 21 WAITING FOR READ LOCK
1763669280453597: THREAD 59 READ LOCK ACQUIRED
1763669280453604: THREAD 21 READ LOCK ACQUIRED
1763669280453612: THREAD 59 WAITING FOR READ LOCK
1763669280453613: THREAD 21 WAITING FOR READ LOCK
1763669280453399: THREAD 54 WRITE LOCK ACQUIRED
1763669280453626: THREAD 21 READ LOCK ACQUIRED
1763669280453264: THREAD 11 READ LOCK RELEASED
1763669280453634: THREAD 21 WAITING FOR READ LOCK
1763669280453646: THREAD 11 READ LOCK RELEASED
1763669280453646: THREAD 40 WAITING FOR READ LOCK
1763669280453646: THREAD 21 READ LOCK ACQUIRED
1763669280453651: THREAD 11 READ LOCK RELEASED
1763669280453663: THREAD 51 READ LOCK RELEASED
1763669280453671: THREAD 35 WRITE LOCK ACQUIRED
1763669280453624: THREAD 59 READ LOCK ACQUIRED
1763669280453668: THREAD 11 READ LOCK RELEASED
1763669280453681: THREAD 35 DELETE 1636918322 Satoshi Kon 98000
1763669280453661: THREAD 21 WAITING FOR READ LOCK
1763669280453682: THREAD 11 READ LOCK RELEASED
1763669280453707: THREAD 21 READ LOCK ACQUIRED
1763669280453664: THREAD 25 WRITE LOCK ACQUIRED
1763669280453254: THREAD 31 WAITING FOR READ LOCK
1763669280453726: THREAD 25 WRITE LOCK RELEASED
1763669280453733: THREAD 31 READ LOCK ACQUIRED
1763669280453746: THREAD 31 WAITING FOR READ LOCK
1763669280453752: THREAD 31 READ LOCK ACQUIRED
1763669280453756: THREAD 31 WAITING FOR READ LOCK
1763669280453729: THREAD 50 WRITE LOCK ACQUIRED
1763669280453621: THREAD 52 READ LOCK ACQUIRED
1763669280453748: THREAD 40 READ LOCK ACQUIRED
1763669280453771: THREAD 52 WAITING FOR READ LOCK
1763669280453778: THREAD 40 WAITING FOR READ LOCK
1763669280453788: THREAD 40 READ LOCK ACQUIRED
1763669280453795: THREAD 40 WAITING FOR READ LOCK
1763669280453801: THREAD 40 READ LOCK ACQUIRED
1763669280453806: THREAD 40 WAITING FOR READ LOCK
1763669280453810: THREAD 40 READ LOCK ACQUIRED
1763669280453814: THREAD 40 WAITING FOR READ LOCK
1763669280453817: THREAD 40 READ LOCK ACQUIRED
1763669280453822: THREAD 40 WAITING FOR READ LOCK
1763669280453826: THREAD 40 READ LOCK ACQUIRED
1763669280453830: THREAD 40 WAITING FOR READ LOCK
1763669280453836: THREAD 40 READ LOCK ACQUIRED
1763669280453842: THREAD 40 WAITING FOR READ LOCK
1763669280453778: THREAD 52 READ LOCK ACQUIRED
1763669280453854: THREAD 52 WAITING FOR READ LOCK
1763669280453718: THREAD 21 WAITING FOR READ LOCK
1763669280453859: THREAD 52 READ LOCK ACQUIRED
1763669280453865: THREAD 52 WAITING FOR READ LOCK
1763669280453870: THREAD 52 READ LOCK ACQUIRED
1763669280453876: THREAD 50 WRITE LOCK RELEASED
1763669280453877: THREAD 52 WAITING FOR READ LOCK
1763669280453893: THREAD 52 READ LOCK ACQUIRED
1763669280453898: THREAD 52 WAITING FOR READ LOCK
1763669280453904: THREAD 52 READ LOCK ACQUIRED
1763669280453910: THREAD 52 WAITING FOR READ LOCK
1763669280453915: THREAD 52 READ LOCK ACQUIRED
1763669280453921: THREAD 52 WAITING FOR READ LOCK
1763669280453927: THREAD 52 READ LOCK ACQUIRED
1763669280453932: THREAD 52 WAITING FOR READ LOCK
1763669280453937: THREAD 52 READ LOCK ACQUIRED
1763669280453942: THREAD 52 WAITING FOR READ LOCK
1763669280453946: THREAD 52 READ LOCK ACQUIRED
1763669280453949: THREAD 52 WAITING FOR READ LOCK
1763669280453953: THREAD 52 READ LOCK ACQUIRED
1763669280453955: THREAD 35 WRITE LOCK RELEASED
1763669280453959: THREAD 52 WAITING FOR READ LOCK
1763669280453965: THREAD 52 READ LOCK ACQUIRED
1763669280453968: THREAD 52 WAITING FOR READ LOCK
1763669280453976: THREAD 21 READ LOCK ACQUIRED
1763669280453990: THREAD 21 WAITING FOR READ LOCK
1763669280453997: THREAD 21 READ LOCK ACQUIRED
1763669280454002: THREAD 21 WAITING FOR READ LOCK
1763669280454007: THREAD 21 READ LOCK ACQUIRED
1763669280454012: THREAD 21 WAITING FOR READ LOCK
1763669280453778: THREAD 59 WAITING FOR READ LOCK
1763669280454024: THREAD 59 READ LOCK ACQUIRED
1763669280454028: THREAD 59 WAITING FOR READ LOCK
1763669280454034: THREAD 59 READ LOCK ACQUIRED
1763669280454039: THREAD 59 WAITING FOR READ LOCK
1763669280454044: THREAD 59 READ LOCK ACQUIRED
1763669280454051: THREAD 59 WAITING FOR READ LOCK
1763669280453794: THREAD 11 READ LOCK RELEASED
1763669280454056: THREAD 59 READ LOCK ACQUIRED
1763669280454063: THREAD 59 WAITING FOR READ LOCK
1763669280454068: THREAD 59 READ LOCK ACQUIRED
1763669280454073: THREAD 59 WAITING FOR READ LOCK
1763669280454078: THREAD 59 READ LOCK ACQUIRED
1763669280454082: THREAD 59 WAITING FOR READ LOCK
1763669280454088: THREAD 59 READ LOCK ACQUIRED
1763669280454093: THREAD 59 WAITING FOR READ LOCK
1763669280454098: THREAD 59 READ LOCK ACQUIRED
1763669280454103: THREAD 59 WAITING FOR READ LOCK
1763669280454108: THREAD 59 READ LOCK ACQUIRED
1763669280454113: THREAD 59 WAITING FOR READ LOCK
1763669280454121: THREAD 59 READ LOCK ACQUIRED
1763669280454126: THREAD 59 WAITING FOR READ LOCK
1763669280454131: THREAD 59 READ LOCK ACQUIRED
1763669280454137: THREAD 59 WAITING FOR READ LOCK
1763669280454141: THREAD 59 READ LOCK ACQUIRED
1763669280454146: THREAD 59 WAITING FOR READ LOCK
1763669280454143: THREAD 28 WRITE LOCK ACQUIRED
1763669280454152: THREAD 59 READ LOCK ACQUIRED
1763669280454168: THREAD 59 WAITING FOR READ LOCK
1763669280453760: THREAD 31 READ LOCK ACQUIRED
1763669280454178: THREAD 59 READ LOCK ACQUIRED
1763669280454185: THREAD 59 WAITING FOR READ LOCK
1763669280454181: THREAD 54 WRITE LOCK RELEASED
1763669280454191: THREAD 59 READ LOCK ACQUIRED
1763669280454209: THREAD 59 WAITING FOR READ LOCK
1763669280454215: THREAD 59 READ LOCK ACQUIRED
1763669280454183: THREAD 40 READ LOCK ACQUIRED
1763669280454221: THREAD 33 WRITE LOCK ACQUIRED
1763669280454186: THREAD 52 READ LOCK ACQUIRED
1763669280454230: THREAD 40 WAITING FOR READ LOCK
1763669280454225: THREAD 59 WAITING FOR READ LOCK
1763669280454138: THREAD 11 READ LOCK RELEASED
1763669280454260: THREAD 11 READ LOCK RELEASED
1763669280454260: THREAD 59 READ LOCK ACQUIRED
1763669280454268: THREAD 29 WRITE LOCK ACQUIRED
1763669280454266: THREAD 11 READ LOCK RELEASED
1763669280454281: THREAD 11 READ LOCK RELEASED
1763669280454188: THREAD 21 READ LOCK ACQUIRED
1763669280454287: THREAD 11 READ LOCK RELEASED
1763669280454293: THREAD 11 READ LOCK RELEASED
1763669280454293: THREAD 21 WAITING FOR READ LOCK
1763669280454244: THREAD 40 READ LOCK ACQUIRED
1763669280454299: THREAD 11 READ LOCK RELEASED
1763669280454262: THREAD 41 WRITE LOCK ACQUIRED
1763669280454310: THREAD 21 READ LOCK ACQUIRED
1763669280454319: THREAD 21 WAITING FOR READ LOCK
1763669280454274: THREAD 59 WAITING FOR READ LOCK
1763669280454328: THREAD 21 READ LOCK ACQUIRED
1763669280454334: THREAD 47 WRITE LOCK ACQUIRED
1763669280454337: THREAD 40 WAITING FOR READ LOCK
1763669280454301: THREAD 30 WRITE LOCK ACQUIRED
1763669280454343: THREAD 21 WAITING FOR READ LOCK
1763669280454350: THREAD 40 READ LOCK ACQUIRED
1763669280454363: THREAD 40 WAITING FOR READ LOCK
1763669280454358: THREAD 21 READ LOCK ACQUIRED
1763669280454370: THREAD 40 READ LOCK ACQUIRED
1763669280454381: THREAD 40 WAITING FOR READ LOCK
1763669280454359: THREAD 30 WRITE LOCK RELEASED
1763669280454383: THREAD 21 WAITING FOR READ LOCK
1763669280454386: THREAD 40 READ LOCK ACQUIRED
1763669280454400: THREAD 40 WAITING FOR READ LOCK
1763669280454395: THREAD 21 READ LOCK ACQUIRED
1763669280454364: THREAD 55 WRITE LOCK ACQUIRED
1763669280454208: THREAD 28 WRITE LOCK RELEASED
1763669280454407: THREAD 41 WRITE LOCK RELEASED
1763669280454407: THREAD 21 WAITING FOR READ LOCK
1763669280454414: THREAD 40 READ LOCK ACQUIRED
1763669280454430: THREAD 40 WAITING FOR READ LOCK
1763669280454438: THREAD 40 READ LOCK ACQUIRED
1763669280454445: THREAD 40 WAITING FOR READ LOCK
1763669280454452: THREAD 40 READ LOCK ACQUIRED
1763669280454458: THREAD 40 WAITING FOR READ LOCK
1763669280454332: THREAD 29 WRITE LOCK RELEASED
1763669280454511: THREAD 11 READ LOCK RELEASED
1763669280454514: THREAD 46 WRITE LOCK ACQUIRED
1763669280454522: THREAD 11 READ LOCK RELEASED
1763669280454530: THREAD 11 READ LOCK RELEASED
1763669280454530: THREAD 46 WRITE LOCK RELEASED
1763669280454557: THREAD 55 DELETE 1944738683 Yuna 74000
1763669280454566: THREAD 31 WAITING FOR READ LOCK
1763669280454577: THREAD 31 READ LOCK ACQUIRED
1763669280454583: THREAD 31 WAITING FOR READ LOCK
1763669280454589: THREAD 31 READ LOCK ACQUIRED
1763669280454425: THREAD 21 READ LOCK ACQUIRED
1763669280454597: THREAD 31 WAITING FOR READ LOCK
1763669280454603: THREAD 31 READ LOCK ACQUIRED
1763669280454609: THREAD 47 DELETE 577223543 Tifa Lockhart 69000
1763669280454615: THREAD 31 WAITING FOR READ LOCK
1763669280454626: THREAD 31 READ LOCK ACQUIRED
1763669280454631: THREAD 31 WAITING FOR READ LOCK
1763669280454637: THREAD 31 READ LOCK ACQUIRED
1763669280454642: THREAD 31 WAITING FOR READ LOCK
1763669280454647: THREAD 31 READ LOCK ACQUIRED
1763669280454654: THREAD 31 WAITING FOR READ LOCK
1763669280454579: THREAD 52 WAITING FOR READ LOCK
1763669280454661: THREAD 31 READ LOCK ACQUIRED
1763669280454669: THREAD 31 WAITING FOR READ LOCK
1763669280454675: THREAD 31 READ LOCK ACQUIRED
1763669280454538: THREAD 49 WRITE LOCK ACQUIRED
1763669280454682: THREAD 31 WAITING FOR READ LOCK
1763669280454687: THREAD 31 READ LOCK ACQUIRED
1763669280454694: THREAD 31 WAITING FOR READ LOCK
1763669280454699: THREAD 31 READ LOCK ACQUIRED
1763669280454704: THREAD 31 WAITING FOR READ LOCK
1763669280454709: THREAD 55 WRITE LOCK RELEASED
1763669280454711: THREAD 31 READ LOCK ACQUIRED
1763669280454727: THREAD 31 WAITING FOR READ LOCK
1763669280454732: THREAD 31 READ LOCK ACQUIRED
1763669280454739: THREAD 31 WAITING FOR READ LOCK
1763669280454745: THREAD 31 READ LOCK ACQUIRED
1763669280454313: THREAD 33 WRITE LOCK RELEASED
1763669280454751: THREAD 31 WAITING FOR READ LOCK
1763669280454759: THREAD 31 READ LOCK ACQUIRED
1763669280454765: THREAD 31 WAITING FOR READ LOCK
1763669280454771: THREAD 31 READ LOCK ACQUIRED
1763669280454776: THREAD 31 WAITING FOR READ LOCK
1763669280454781: THREAD 31 READ LOCK ACQUIRED
1763669280454785: THREAD 40 READ LOCK ACQUIRED
1763669280454781: THREAD 47 WRITE LOCK RELEASED
1763669280454788: THREAD 31 WAITING FOR READ LOCK
1763669280454816: THREAD 59 READ LOCK ACQUIRED
1763669280454825: THREAD 59 WAITING FOR READ LOCK
1763669280454831: THREAD 59 READ LOCK ACQUIRED
1763669280454835: THREAD 59 WAITING FOR READ LOCK
1763669280454839: THREAD 59 READ LOCK ACQUIRED
1763669280454842: THREAD 59 WAITING FOR READ LOCK
1763669280454847: THREAD 59 READ LOCK ACQUIRED
1763669280454850: THREAD 59 WAITING FOR READ LOCK
1763669280454854: THREAD 59 READ LOCK ACQUIRED
1763669280454865: THREAD 59 WAITING FOR READ LOCK
1763669280454867: THREAD 49 WRITE LOCK RELEASED
1763669280454536: THREAD 11 READ LOCK RELEASED
1763669280454871: THREAD 59 READ LOCK ACQUIRED
1763669280454885: THREAD 59 WAITING FOR READ LOCK
1763669280454893: THREAD 40 WAITING FOR READ LOCK
1763669280454723: THREAD 21 WAITING FOR READ LOCK
1763669280454906: THREAD 31 READ LOCK ACQUIRED
1763669280454907: THREAD 21 READ LOCK ACQUIRED
1763669280454907: THREAD 52 READ LOCK ACQUIRED
1763669280454916: THREAD 52 WAITING FOR READ LOCK
1763669280454897: THREAD 59 READ LOCK ACQUIRED
1763669280454924: THREAD 52 READ LOCK ACQUIRED
1763669280454933: THREAD 52 WAITING FOR READ LOCK
1763669280454940: THREAD 52 READ LOCK ACQUIRED
1763669280454945: THREAD 52 WAITING FOR READ LOCK
1763669280454948: THREAD 52 READ LOCK ACQUIRED
1763669280454952: THREAD 52 WAITING FOR READ LOCK
1763669280454956: THREAD 52 READ LOCK ACQUIRED
1763669280454960: THREAD 52 WAITING FOR READ LOCK
1763669280454963: THREAD 52 READ LOCK ACQUIRED
1763669280454967: THREAD 52 WAITING FOR READ LOCK
1763669280454973: THREAD 52 READ LOCK ACQUIRED
1763669280454979: THREAD 52 WAITING FOR READ LOCK
1763669280454983: THREAD 52 READ LOCK ACQUIRED
1763669280454987: THREAD 52 WAITING FOR READ LOCK
1763669280454991: THREAD 52 READ LOCK ACQUIRED
1763669280454994: THREAD 52 WAITING FOR READ LOCK
1763669280454998: THREAD 52 READ LOCK ACQUIRED
1763669280455002: THREAD 52 WAITING FOR READ LOCK
1763669280455006: THREAD 52 READ LOCK ACQUIRED
1763669280455009: THREAD 52 WAITING FOR READ LOCK
1763669280455013: THREAD 52 READ LOCK ACQUIRED
1763669280455017: THREAD 52 WAITING FOR READ LOCK
1763669280455021: THREAD 52 READ LOCK ACQUIRED
1763669280455024: THREAD 52 WAITING FOR READ LOCK
1763669280455029: THREAD 52 READ LOCK ACQUIRED
1763669280455034: THREAD 52 WAITING FOR READ LOCK
1763669280455031: THREAD 21 WAITING FOR READ LOCK
1763669280455040: THREAD 52 READ LOCK ACQUIRED
1763669280455057: THREAD 52 WAITING FOR READ LOCK
1763669280454927: THREAD 59 WAITING FOR READ LOCK
1763669280455062: THREAD 52 READ LOCK ACQUIRED
1763669280455069: THREAD 52 PRINT TABLE 0  0
1763669280455075: THREAD 59 READ LOCK ACQUIRED
1763669280455084: THREAD 59 WAITING FOR READ LOCK
1763669280455090: THREAD 59 READ LOCK ACQUIRED
1763669280455095: THREAD 59 WAITING FOR READ LOCK
1763669280455099: THREAD 59 READ LOCK ACQUIRED
1763669280455106: THREAD 59 WAITING FOR READ LOCK
1763669280455110: THREAD 59 READ LOCK ACQUIRED
1763669280455115: THREAD 59 WAITING FOR READ LOCK
1763669280455122: THREAD 59 READ LOCK ACQUIRED
1763669280455127: THREAD 59 WAITING FOR READ LOCK
1763669280455131: THREAD 59 READ LOCK ACQUIRED
1763669280455137: THREAD 59 WAITING FOR READ LOCK
1763669280455144: THREAD 59 READ LOCK ACQUIRED
1763669280455149: THREAD 59 WAITING FOR READ LOCK
1763669280455155: THREAD 59 READ LOCK ACQUIRED
1763669280455160: THREAD 59 WAITING FOR READ LOCK
1763669280455165: THREAD 59 READ LOCK ACQUIRED
1763669280455170: THREAD 59 WAITING FOR READ LOCK
1763669280455175: THREAD 59 READ LOCK ACQUIRED
1763669280455180: THREAD 59 WAITING FOR READ LOCK
1763669280455186: THREAD 59 READ LOCK ACQUIRED
1763669280455191: THREAD 59 WAITING FOR READ LOCK
1763669280455197: THREAD 59 READ LOCK ACQUIRED
1763669280455203: THREAD 59 WAITING FOR READ LOCK
1763669280455209: THREAD 59 READ LOCK ACQUIRED
1763669280455214: THREAD 59 WAITING FOR READ LOCK
1763669280455220: THREAD 59 READ LOCK ACQUIRED
1763669280455225: THREAD 59 WAITING FOR READ LOCK
1763669280455230: THREAD 59 READ LOCK ACQUIRED
1763669280455236: THREAD 59 WAITING FOR READ LOCK
1763669280455241: THREAD 59 READ LOCK ACQUIRED
1763669280455245: THREAD 59 WAITING FOR READ LOCK
1763669280455251: THREAD 59 READ LOCK ACQUIRED
1763669280455255: THREAD 59 WAITING FOR READ LOCK
1763669280455260: THREAD 59 READ LOCK ACQUIRED
1763669280455265: THREAD 59 WAITING FOR READ LOCK
1763669280455269: THREAD 59 READ LOCK ACQUIRED
1763669280455274: THREAD 59 WAITING FOR READ LOCK
1763669280455279: THREAD 59 READ LOCK ACQUIRED
1763669280455284: THREAD 59 WAITING FOR READ LOCK
1763669280455289: THREAD 59 READ LOCK ACQUIRED
1763669280455295: THREAD 59 WAITING FOR READ LOCK
1763669280455076: THREAD 40 READ LOCK ACQUIRED
1763669280455300: THREAD 59 READ LOCK ACQUIRED
1763669280455308: THREAD 59 WAITING FOR READ LOCK
1763669280455314: THREAD 59 READ LOCK ACQUIRED
1763669280455321: THREAD 59 WAITING FOR READ LOCK
1763669280455326: THREAD 59 READ LOCK ACQUIRED
1763669280455331: THREAD 59 WAITING FOR READ LOCK
1763669280455336: THREAD 59 READ LOCK ACQUIRED
1763669280455341: THREAD 59 WAITING FOR READ LOCK
1763669280455346: THREAD 59 READ LOCK ACQUIRED
1763669280455353: THREAD 59 WAITING FOR READ LOCK
1763669280455357: THREAD 59 READ LOCK ACQUIRED
1763669280455363: THREAD 59 WAITING FOR READ LOCK
1763669280455368: THREAD 59 READ LOCK ACQUIRED
1763669280455372: THREAD 59 WAITING FOR READ LOCK
1763669280455376: THREAD 59 READ LOCK ACQUIRED
1763669280455380: THREAD 59 WAITING FOR READ LOCK
1763669280455386: THREAD 59 READ LOCK ACQUIRED
1763669280455391: THREAD 59 WAITING FOR READ LOCK
1763669280455400: THREAD 59 READ LOCK ACQUIRED
1763669280455406: THREAD 59 WAITING FOR READ LOCK
1763669280455052: THREAD 21 READ LOCK ACQUIRED
1763669280455412: THREAD 59 READ LOCK ACQUIRED
1763669280455418: THREAD 59 WAITING FOR READ LOCK
1763669280455423: THREAD 59 READ LOCK ACQUIRED
1763669280455429: THREAD 59 PRINT TABLE 0  0
1763669280455077: THREAD 52 READ LOCK RELEASED
1763669280455437: THREAD 59 READ LOCK RELEASED
1763669280455443: THREAD 59 READ LOCK RELEASED
1763669280455447: THREAD 59 READ LOCK RELEASED
1763669280455454: THREAD 59 READ LOCK RELEASED
1763669280455460: THREAD 59 READ LOCK RELEASED
1763669280455465: THREAD 59 READ LOCK RELEASED
1763669280455470: THREAD 59 READ LOCK RELEASED
1763669280455476: THREAD 59 READ LOCK RELEASED
1763669280455481: THREAD 59 READ LOCK RELEASED
1763669280455487: THREAD 59 READ LOCK RELEASED
1763669280455493: THREAD 59 READ LOCK RELEASED
1763669280455498: THREAD 59 READ LOCK RELEASED
1763669280455503: THREAD 59 READ LOCK RELEASED
1763669280455510: THREAD 59 READ LOCK RELEASED
1763669280455515: THREAD 59 READ LOCK RELEASED
1763669280455519: THREAD 59 READ LOCK RELEASED
1763669280455525: THREAD 59 READ LOCK RELEASED
1763669280455530: THREAD 59 READ LOCK RELEASED
1763669280455535: THREAD 59 READ LOCK RELEASED
1763669280455541: THREAD 59 READ LOCK RELEASED
1763669280455546: THREAD 59 READ LOCK RELEASED
1763669280455552: THREAD 59 READ LOCK RELEASED
1763669280455558: THREAD 59 READ LOCK RELEASED
1763669280455563: THREAD 59 READ LOCK RELEASED
1763669280455567: THREAD 59 READ LOCK RELEASED
1763669280455573: THREAD 59 READ LOCK RELEASED
1763669280455578: THREAD 59 READ LOCK RELEASED
1763669280455583: THREAD 59 READ LOCK RELEASED
1763669280455589: THREAD 59 READ LOCK RELEASED
1763669280455594: THREAD 59 READ LOCK RELEASED
1763669280455599: THREAD 59 READ LOCK RELEASED
1763669280455605: THREAD 59 READ LOCK RELEASED
1763669280455610: THREAD 59 READ LOCK RELEASED
1763669280455616: THREAD 59 READ LOCK RELEASED
1763669280455623: THREAD 59 READ LOCK RELEASED
1763669280455628: THREAD 59 READ LOCK RELEASED
1763669280455633: THREAD 59 READ LOCK RELEASED
1763669280455639: THREAD 59 READ LOCK RELEASED
1763669280455644: THREAD 59 READ LOCK RELEASED
1763669280455648: THREAD 59 READ LOCK RELEASED
1763669280455655: THREAD 59 READ LOCK RELEASED
1763669280455661: THREAD 59 READ LOCK RELEASED
1763669280455666: THREAD 59 READ LOCK RELEASED
1763669280455671: THREAD 59 READ LOCK RELEASED
1763669280455677: THREAD 59 READ LOCK RELEASED
1763669280455683: THREAD 59 READ LOCK RELEASED
1763669280455691: THREAD 59 READ LOCK RELEASED
1763669280455697: THREAD 59 READ LOCK RELEASED
1763669280455704: THREAD 59 READ LOCK RELEASED
1763669280455461: THREAD 21 WAITING FOR READ LOCK
1763669280455711: THREAD 59 READ LOCK RELEASED
1763669280455717: THREAD 59 READ LOCK RELEASED
1763669280455722: THREAD 59 READ LOCK RELEASED
1763669280455728: THREAD 59 READ LOCK RELEASED
1763669280455731: THREAD 59 READ LOCK RELEASED
1763669280455735: THREAD 59 READ LOCK RELEASED
1763669280455739: THREAD 59 READ LOCK RELEASED
1763669280455746: THREAD 59 READ LOCK RELEASED
1763669280455752: THREAD 59 READ LOCK RELEASED
1763669280455758: THREAD 59 READ LOCK RELEASED
1763669280455763: THREAD 59 READ LOCK RELEASED
1763669280455769: THREAD 59 READ LOCK RELEASED
1763669280455775: THREAD 59 READ LOCK RELEASED
1763669280455779: THREAD 59 READ LOCK RELEASED
1763669280455786: THREAD 59 READ LOCK RELEASED
1763669280455794: THREAD 31 WAITING FOR READ LOCK
1763669280455712: THREAD 21 READ LOCK ACQUIRED
1763669280455807: THREAD 31 READ LOCK ACQUIRED
1763669280455814: THREAD 31 WAITING FOR READ LOCK
1763669280455820: THREAD 31 READ LOCK ACQUIRED
1763669280455820: THREAD 21 WAITING FOR READ LOCK
1763669280455827: THREAD 31 WAITING FOR READ LOCK
1763669280455836: THREAD 21 READ LOCK ACQUIRED
1763669280455848: THREAD 21 WAITING FOR READ LOCK
1763669280455852: THREAD 21 READ LOCK ACQUIRED
1763669280455713: THREAD 40 WAITING FOR READ LOCK
1763669280455872: THREAD 52 READ LOCK RELEASED
1763669280455880: THREAD 52 READ LOCK RELEASED
1763669280455886: THREAD 52 READ LOCK RELEASED
1763669280455892: THREAD 52 READ LOCK RELEASED
1763669280455897: THREAD 52 READ LOCK RELEASED
1763669280455903: THREAD 52 READ LOCK RELEASED
1763669280455909: THREAD 52 READ LOCK RELEASED
1763669280455914: THREAD 52 READ LOCK RELEASED
1763669280455920: THREAD 52 READ LOCK RELEASED
1763669280455925: THREAD 52 READ LOCK RELEASED
1763669280455930: THREAD 52 READ LOCK RELEASED
1763669280455937: THREAD 52 READ LOCK RELEASED
1763669280455943: THREAD 52 READ LOCK RELEASED
1763669280455948: THREAD 52 READ LOCK RELEASED
1763669280455956: THREAD 52 READ LOCK RELEASED
1763669280455962: THREAD 52 READ LOCK RELEASED
1763669280455967: THREAD 52 READ LOCK RELEASED
1763669280455973: THREAD 52 READ LOCK RELEASED
1763669280455979: THREAD 52 READ LOCK RELEASED
1763669280455984: THREAD 52 READ LOCK RELEASED
1763669280455991: THREAD 52 READ LOCK RELEASED
1763669280455996: THREAD 52 READ LOCK RELEASED
1763669280456001: THREAD 52 READ LOCK RELEASED
1763669280456007: THREAD 52 READ LOCK RELEASED
1763669280456012: THREAD 52 READ LOCK RELEASED
1763669280456017: THREAD 52 READ LOCK RELEASED
1763669280456024: THREAD 52 READ LOCK RELEASED
1763669280456030: THREAD 52 READ LOCK RELEASED
1763669280456036: THREAD 52 READ LOCK RELEASED
1763669280456042: THREAD 52 READ LOCK RELEASED
1763669280456047: THREAD 52 READ LOCK RELEASED
1763669280456052: THREAD 52 READ LOCK RELEASED
1763669280456058: THREAD 52 READ LOCK RELEASED
1763669280456064: THREAD 52 READ LOCK RELEASED
1763669280456069: THREAD 52 READ LOCK RELEASED
1763669280456075: THREAD 52 READ LOCK RELEASED
1763669280456080: THREAD 52 READ LOCK RELEASED
1763669280456085: THREAD 52 READ LOCK RELEASED
1763669280456091: THREAD 52 READ LOCK RELEASED
1763669280456096: THREAD 52 READ LOCK RELEASED
1763669280456101: THREAD 52 READ LOCK RELEASED
1763669280456107: THREAD 52 READ LOCK RELEASED
1763669280456113: THREAD 52 READ LOCK RELEASED
1763669280456118: THREAD 52 READ LOCK RELEASED
1763669280456125: THREAD 52 READ LOCK RELEASED
1763669280456130: THREAD 52 READ LOCK RELEASED
1763669280456135: THREAD 52 READ LOCK RELEASED
1763669280456140: THREAD 52 READ LOCK RELEASED
1763669280456145: THREAD 52 READ LOCK RELEASED
1763669280456150: THREAD 52 READ LOCK RELEASED
1763669280456155: THREAD 52 READ LOCK RELEASED
1763669280456160: THREAD 52 READ LOCK RELEASED
1763669280456165: THREAD 52 READ LOCK RELEASED
1763669280456169: THREAD 52 READ LOCK RELEASED
1763669280456174: THREAD 52 READ LOCK RELEASED
1763669280456178: THREAD 52 READ LOCK RELEASED
1763669280456184: THREAD 52 READ LOCK RELEASED
1763669280456189: THREAD 52 READ LOCK RELEASED
1763669280456194: THREAD 52 READ LOCK RELEASED
1763669280456200: THREAD 52 READ LOCK RELEASED
1763669280455857: THREAD 21 WAITING FOR READ LOCK
1763669280456205: THREAD 52 READ LOCK RELEASED
1763669280456213: THREAD 52 READ LOCK RELEASED
1763669280456213: THREAD 21 READ LOCK ACQUIRED
1763669280456224: THREAD 52 READ LOCK RELEASED
1763669280456225: THREAD 21 WAITING FOR READ LOCK
1763669280456237: THREAD 21 READ LOCK ACQUIRED
1763669280456242: THREAD 21 WAITING FOR READ LOCK
1763669280456247: THREAD 21 READ LOCK ACQUIRED
1763669280456251: THREAD 21 WAITING FOR READ LOCK
1763669280456255: THREAD 21 READ LOCK ACQUIRED
1763669280456260: THREAD 21 WAITING FOR READ LOCK
1763669280456265: THREAD 21 READ LOCK ACQUIRED
1763669280456271: THREAD 21 WAITING FOR READ LOCK
1763669280456276: THREAD 21 READ LOCK ACQUIRED
1763669280456281: THREAD 21 PRINT TABLE 0  0
1763669280456279: THREAD 40 READ LOCK ACQUIRED
1763669280456289: THREAD 21 READ LOCK RELEASED
1763669280456299: THREAD 40 WAITING FOR READ LOCK
1763669280456306: THREAD 21 READ LOCK RELEASED
1763669280456320: THREAD 21 READ LOCK RELEASED
1763669280455843: THREAD 31 READ LOCK ACQUIRED
1763669280456327: THREAD 21 READ LOCK RELEASED
1763669280456314: THREAD 40 READ LOCK ACQUIRED
1763669280456347: THREAD 40 WAITING FOR READ LOCK
1763669280456412: THREAD 40 READ LOCK ACQUIRED
1763669280456422: THREAD 40 WAITING FOR READ LOCK
1763669280456429: THREAD 40 READ LOCK ACQUIRED
1763669280456434: THREAD 40 WAITING FOR READ LOCK
1763669280456439: THREAD 40 READ LOCK ACQUIRED
1763669280456444: THREAD 40 WAITING FOR READ LOCK
1763669280456450: THREAD 40 READ LOCK ACQUIRED
1763669280456456: THREAD 40 WAITING FOR READ LOCK
1763669280456347: THREAD 21 READ LOCK RELEASED
1763669280456463: THREAD 40 READ LOCK ACQUIRED
1763669280456471: THREAD 40 PRINT TABLE 0  0
1763669280456338: THREAD 31 WAITING FOR READ LOCK
1763669280456479: THREAD 40 READ LOCK RELEASED
1763669280456485: THREAD 40 READ LOCK RELEASED
1763669280456492: THREAD 40 READ LOCK RELEASED
1763669280456498: THREAD 40 READ LOCK RELEASED
1763669280456504: THREAD 40 READ LOCK RELEASED
1763669280456511: THREAD 40 READ LOCK RELEASED
1763669280456516: THREAD 40 READ LOCK RELEASED
1763669280456522: THREAD 40 READ LOCK RELEASED
1763669280456529: THREAD 40 READ LOCK RELEASED
1763669280456478: THREAD 21 READ LOCK RELEASED
1763669280456535: THREAD 40 READ LOCK RELEASED
1763669280456542: THREAD 40 READ LOCK RELEASED
1763669280456548: THREAD 40 READ LOCK RELEASED
1763669280456558: THREAD 40 READ LOCK RELEASED
1763669280456565: THREAD 40 READ LOCK RELEASED
1763669280456559: THREAD 31 READ LOCK ACQUIRED
1763669280456578: THREAD 31 WAITING FOR READ LOCK
1763669280456585: THREAD 31 READ LOCK ACQUIRED
1763669280456591: THREAD 31 WAITING FOR READ LOCK
1763669280456597: THREAD 31 READ LOCK ACQUIRED
1763669280456603: THREAD 31 WAITING FOR READ LOCK
1763669280456608: THREAD 31 READ LOCK ACQUIRED
1763669280456614: THREAD 31 WAITING FOR READ LOCK
1763669280456620: THREAD 31 READ LOCK ACQUIRED
1763669280456625: THREAD 31 WAITING FOR READ LOCK
1763669280456630: THREAD 31 READ LOCK ACQUIRED
1763669280456636: THREAD 31 WAITING FOR READ LOCK
1763669280456571: THREAD 40 READ LOCK RELEASED
1763669280456642: THREAD 31 READ LOCK ACQUIRED
1763669280456649: THREAD 31 WAITING FOR READ LOCK
1763669280456654: THREAD 31 READ LOCK ACQUIRED
1763669280456661: THREAD 31 WAITING FOR READ LOCK
1763669280456666: THREAD 31 READ LOCK ACQUIRED
1763669280456672: THREAD 31 WAITING FOR READ LOCK
1763669280456678: THREAD 31 READ LOCK ACQUIRED
1763669280456684: THREAD 31 WAITING FOR READ LOCK
1763669280456571: THREAD 21 READ LOCK RELEASED
1763669280456689: THREAD 31 READ LOCK ACQUIRED
1763669280456695: THREAD 31 WAITING FOR READ LOCK
1763669280456700: THREAD 31 READ LOCK ACQUIRED
1763669280456706: THREAD 31 WAITING FOR READ LOCK
1763669280456709: THREAD 31 READ LOCK ACQUIRED
1763669280456713: THREAD 31 WAITING FOR READ LOCK
1763669280456717: THREAD 31 READ LOCK ACQUIRED
1763669280456723: THREAD 31 WAITING FOR READ LOCK
1763669280456728: THREAD 31 READ LOCK ACQUIRED
1763669280456733: THREAD 31 WAITING FOR READ LOCK
1763669280456740: THREAD 31 READ LOCK ACQUIRED
1763669280456745: THREAD 31 WAITING FOR READ LOCK
1763669280456750: THREAD 31 READ LOCK ACQUIRED
1763669280456756: THREAD 31 WAITING FOR READ LOCK
1763669280456761: THREAD 31 READ LOCK ACQUIRED
1763669280456767: THREAD 31 PRINT TABLE 0  0
1763669280456776: THREAD 31 READ LOCK RELEASED
1763669280456781: THREAD 31 READ LOCK RELEASED
1763669280456789: THREAD 21 READ LOCK RELEASED
1763669280456791: THREAD 31 READ LOCK RELEASED
1763669280456801: THREAD 21 READ LOCK RELEASED
1763669280456809: THREAD 21 READ LOCK RELEASED
1763669280456814: THREAD 21 READ LOCK RELEASED
1763669280456821: THREAD 21 READ LOCK RELEASED
1763669280456826: THREAD 21 READ LOCK RELEASED
1763669280456828: THREAD 31 READ LOCK RELEASED
1763669280456850: THREAD 31 READ LOCK RELEASED
1763669280456832: THREAD 21 READ LOCK RELEASED
1763669280456858: THREAD 31 READ LOCK RELEASED
1763669280456866: THREAD 31 READ LOCK RELEASED
1763669280456898: THREAD 31 READ LOCK RELEASED
1763669280456906: THREAD 31 READ LOCK RELEASED
1763669280456912: THREAD 31 READ LOCK RELEASED
1763669280456917: THREAD 31 READ LOCK RELEASED
1763669280456922: THREAD 31 READ LOCK RELEASED
1763669280456966: THREAD 31 READ LOCK RELEASED
1763669280456974: THREAD 31 READ LOCK RELEASED
1763669280456978: THREAD 31 READ LOCK RELEASED
1763669280456983: THREAD 31 READ LOCK RELEASED
1763669280456988: THREAD 31 READ LOCK RELEASED
1763669280456832: THREAD 40 READ LOCK RELEASED
1763669280456994: THREAD 31 READ LOCK RELEASED
1763669280457000: THREAD 31 READ LOCK RELEASED
1763669280457005: THREAD 31 READ LOCK RELEASED
1763669280457011: THREAD 31 READ LOCK RELEASED
1763669280457017: THREAD 31 READ LOCK RELEASED
1763669280457022: THREAD 31 READ LOCK RELEASED
1763669280457028: THREAD 31 READ LOCK RELEASED
1763669280457034: THREAD 31 READ LOCK RELEASED
1763669280457039: THREAD 31 READ LOCK RELEASED
1763669280457045: THREAD 31 READ LOCK RELEASED
1763669280457050: THREAD 31 READ LOCK RELEASED
1763669280457056: THREAD 31 READ LOCK RELEASED
1763669280457061: THREAD 31 READ LOCK RELEASED
1763669280457067: THREAD 31 READ LOCK RELEASED
1763669280456981: THREAD 21 READ LOCK RELEASED
1763669280457072: THREAD 31 READ LOCK RELEASED
1763669280457079: THREAD 31 READ LOCK RELEASED
1763669280457085: THREAD 31 READ LOCK RELEASED
1763669280457091: THREAD 31 READ LOCK RELEASED
1763669280457097: THREAD 31 READ LOCK RELEASED
1763669280457102: THREAD 31 READ LOCK RELEASED
1763669280457109: THREAD 31 READ LOCK RELEASED
1763669280457115: THREAD 31 READ LOCK RELEASED
1763669280457123: THREAD 31 READ LOCK RELEASED
1763669280457128: THREAD 31 READ LOCK RELEASED
1763669280457134: THREAD 31 READ LOCK RELEASED
1763669280457142: THREAD 31 READ LOCK RELEASED
1763669280457147: THREAD 31 READ LOCK RELEASED
1763669280457152: THREAD 31 READ LOCK RELEASED
1763669280457158: THREAD 31 READ LOCK RELEASED
1763669280457163: THREAD 31 READ LOCK RELEASED
1763669280457177: THREAD 31 READ LOCK RELEASED
1763669280457183: THREAD 31 READ LOCK RELEASED
1763669280457189: THREAD 31 READ LOCK RELEASED
1763669280457195: THREAD 31 READ LOCK RELEASED
1763669280457052: THREAD 40 READ LOCK RELEASED
1763669280457211: THREAD 31 READ LOCK RELEASED
1763669280457221: THREAD 31 READ LOCK RELEASED
1763669280457228: THREAD 21 READ LOCK RELEASED
1763669280457239: THREAD 21 READ LOCK RELEASED
1763669280457228: THREAD 31 READ LOCK RELEASED
1763669280457247: THREAD 21 READ LOCK RELEASED
1763669280457255: THREAD 21 READ LOCK RELEASED
1763669280457255: THREAD 40 READ LOCK RELEASED
1763669280457269: THREAD 40 READ LOCK RELEASED
1763669280457275: THREAD 40 READ LOCK RELEASED
1763669280457270: THREAD 31 READ LOCK RELEASED
1763669280457281: THREAD 40 READ LOCK RELEASED
1763669280457286: THREAD 40 READ LOCK RELEASED
1763669280457291: THREAD 40 READ LOCK RELEASED
1763669280457297: THREAD 40 READ LOCK RELEASED
1763669280457303: THREAD 40 READ LOCK RELEASED
1763669280457307: THREAD 40 READ LOCK RELEASED
1763669280457325: THREAD 40 READ LOCK RELEASED
1763669280457332: THREAD 40 READ LOCK RELEASED
1763669280457339: THREAD 40 READ LOCK RELEASED
1763669280457345: THREAD 40 READ LOCK RELEASED
1763669280457352: THREAD 40 READ LOCK RELEASED
1763669280457358: THREAD 40 READ LOCK RELEASED
1763669280457364: THREAD 40 READ LOCK RELEASED
1763669280457371: THREAD 40 READ LOCK RELEASED
1763669280457354: THREAD 31 READ LOCK RELEASED
1763669280457377: THREAD 40 READ LOCK RELEASED
1763669280457385: THREAD 40 READ LOCK RELEASED
1763669280457391: THREAD 40 READ LOCK RELEASED
1763669280457385: THREAD 31 READ LOCK RELEASED
1763669280457401: THREAD 31 READ LOCK RELEASED
1763669280457408: THREAD 31 READ LOCK RELEASED
1763669280457414: THREAD 31 READ LOCK RELEASED
1763669280457419: THREAD 31 READ LOCK RELEASED
1763669280457427: THREAD 31 READ LOCK RELEASED
1763669280457432: THREAD 31 READ LOCK RELEASED
1763669280457438: THREAD 31 READ LOCK RELEASED
1763669280457449: THREAD 40 READ LOCK RELEASED
1763669280457462: THREAD 40 READ LOCK RELEASED
1763669280457468: THREAD 40 READ LOCK RELEASED
1763669280457473: THREAD 40 READ LOCK RELEASED
1763669280457479: THREAD 40 READ LOCK RELEASED
1763669280457491: THREAD 40 READ LOCK RELEASED
1763669280457501: THREAD 40 READ LOCK RELEASED
1763669280457545: THREAD 40 READ LOCK RELEASED
1763669280457554: THREAD 40 READ LOCK RELEASED
1763669280457560: THREAD 40 READ LOCK RELEASED
1763669280457565: THREAD 40 READ LOCK RELEASED
1763669280457570: THREAD 40 READ LOCK RELEASED
1763669280457582: THREAD 40 READ LOCK RELEASED
1763669280457265: THREAD 21 READ LOCK RELEASED
1763669280457594: THREAD 40 READ LOCK RELEASED
1763669280457602: THREAD 40 READ LOCK RELEASED
1763669280457610: THREAD 40 READ LOCK RELEASED
1763669280457615: THREAD 40 READ LOCK RELEASED
1763669280457621: THREAD 40 READ LOCK RELEASED
1763669280457628: THREAD 40 READ LOCK RELEASED
1763669280457634: THREAD 40 READ LOCK RELEASED
1763669280457640: THREAD 40 READ LOCK RELEASED
1763669280457647: THREAD 40 READ LOCK RELEASED
1763669280457652: THREAD 40 READ LOCK RELEASED
1763669280457657: THREAD 40 READ LOCK RELEASED
1763669280457665: THREAD 40 READ LOCK RELEASED
1763669280457671: THREAD 40 READ LOCK RELEASED
1763669280457677: THREAD 40 READ LOCK RELEASED
1763669280457671: THREAD 21 READ LOCK RELEASED
1763669280457699: THREAD 21 READ LOCK RELEASED
1763669280457705: THREAD 21 READ LOCK RELEASED
1763669280457710: THREAD 21 READ LOCK RELEASED
1763669280457715: THREAD 21 READ LOCK RELEASED
1763669280457720: THREAD 21 READ LOCK RELEASED
1763669280457725: THREAD 21 READ LOCK RELEASED
1763669280457729: THREAD 21 READ LOCK RELEASED
1763669280457734: THREAD 21 READ LOCK RELEASED
1763669280457739: THREAD 21 READ LOCK RELEASED
1763669280457744: THREAD 21 READ LOCK RELEASED
1763669280457749: THREAD 21 READ LOCK RELEASED
1763669280457753: THREAD 21 READ LOCK RELEASED
1763669280457758: THREAD 21 READ LOCK RELEASED
1763669280457764: THREAD 21 READ LOCK RELEASED
1763669280457769: THREAD 21 READ LOCK RELEASED
1763669280457774: THREAD 21 READ LOCK RELEASED
1763669280457779: THREAD 21 READ LOCK RELEASED
1763669280457784: THREAD 21 READ LOCK RELEASED
1763669280457789: THREAD 21 READ LOCK RELEASED
1763669280457794: THREAD 21 READ LOCK RELEASED
1763669280457799: THREAD 21 READ LOCK RELEASED
1763669280457803: THREAD 21 READ LOCK RELEASED
1763669280457808: THREAD 21 READ LOCK RELEASED
1763669280457813: THREAD 21 READ LOCK RELEASED
1763669280457818: THREAD 21 READ LOCK RELEASED
1763669280457822: THREAD 21 READ LOCK RELEASED
1763669280457827: THREAD 21 READ LOCK RELEASED
1763669280457833: THREAD 21 READ LOCK RELEASED
1763669280457837: THREAD 21 READ LOCK RELEASED
1763669280457842: THREAD 21 READ LOCK RELEASED
1763669280457847: THREAD 21 READ LOCK RELEASED
1763669280457851: THREAD 21 READ LOCK RELEASED
1763669280457857: THREAD 21 READ LOCK RELEASED
1763669280457862: THREAD 21 READ LOCK RELEASED
1763669280457869: THREAD 21 READ LOCK RELEASED
1763669280457875: THREAD 21 READ LOCK RELEASED
1763669280457880: THREAD 21 READ LOCK RELEASED
1763669280457885: THREAD 21 READ LOCK RELEASED
1763669280457890: THREAD 21 READ LOCK RELEASED
1763669280457895: THREAD 21 READ LOCK RELEASED
1763669280457900: THREAD 21 READ LOCK RELEASED
1763669280457905: THREAD 21 READ LOCK RELEASED
1763669280457910: THREAD 21 READ LOCK RELEASED
